[    0.000000] Linux version 6.12.17 (nixbld@localhost) (gcc (GCC) 14.2.1 20241116, GNU ld (GNU Binutils) 2.43.1) #1-NixOS SMP PREEMPT_DYNAMIC Thu Feb 27 12:30:24 UTC 2025
[    0.000000] Command line: initrd=\EFI\nixos\j3v5d72hhdl479sri0dnlr7anbmd06xx-initrd-linux-6.12.17-initrd.efi init=/nix/store/c6rjgi2k3l5y5wgx57bp535d760g1nay-nixos-system-modulus-25.05.20250306.3b2d2f0/init intel_iommu=on iommu=pt acpi_backlight=native loglevel=4 nvidia-drm.modeset=1 nvidia-drm.fbdev=1
[    0.000000] BIOS-provided physical RAM map:
[    0.000000] BIOS-e820: [mem 0x0000000000000000-0x000000000009efff] usable
[    0.000000] BIOS-e820: [mem 0x000000000009f000-0x00000000000fffff] reserved
[    0.000000] BIOS-e820: [mem 0x0000000000100000-0x000000006a5b6fff] usable
[    0.000000] BIOS-e820: [mem 0x000000006a5b7000-0x000000006e794fff] reserved
[    0.000000] BIOS-e820: [mem 0x000000006e795000-0x000000006fb1efff] ACPI NVS
[    0.000000] BIOS-e820: [mem 0x000000006fb1f000-0x000000006fc4efff] ACPI data
[    0.000000] BIOS-e820: [mem 0x000000006fc4f000-0x000000006fc4ffff] usable
[    0.000000] BIOS-e820: [mem 0x000000006fc50000-0x000000007d7fffff] reserved
[    0.000000] BIOS-e820: [mem 0x0000000100000000-0x000000107e7fffff] usable
[    0.000000] NX (Execute Disable) protection: active
[    0.000000] APIC: Static calls initialized
[    0.000000] efi: EFI v2.7 by Lenovo
[    0.000000] efi: TPMFinalLog=0x6fb17000 SMBIOS=0x6cbb8000 SMBIOS 3.0=0x6cbab000 ACPI=0x6fc4e000 ACPI 2.0=0x6fc4e014 MEMATTR=0x671c4018 ESRT=0x6ca24000 RNG=0x6fc4df18 INITRD=0x496afb18 TPMEventLog=0x6fc46018 
[    0.000000] random: crng init done
[    0.000000] SMBIOS 3.2.0 present.
[    0.000000] DMI: LENOVO 20TJS3ST00/20TJS3ST00, BIOS N2VET33W (1.18 ) 08/11/2021
[    0.000000] DMI: Memory slots populated: 2/2
[    0.000000] tsc: Detected 2800.000 MHz processor
[    0.000000] tsc: Detected 2799.927 MHz TSC
[    0.000009] e820: update [mem 0x00000000-0x00000fff] usable ==> reserved
[    0.000012] e820: remove [mem 0x000a0000-0x000fffff] usable
[    0.000018] last_pfn = 0x107e800 max_arch_pfn = 0x400000000
[    0.000022] MTRR map: 5 entries (3 fixed + 2 variable; max 23), built from 10 variable MTRRs
[    0.000024] x86/PAT: Configuration [0-7]: WB  WC  UC- UC  WB  WP  UC- WT  
[    0.000502] last_pfn = 0x6fc50 max_arch_pfn = 0x400000000
[    0.008860] esrt: Reserving ESRT space from 0x000000006ca24000 to 0x000000006ca240d8.
[    0.008870] Using GB pages for direct mapping
[    0.009126] Secure boot disabled
[    0.009127] RAMDISK: [mem 0x4388d000-0x452b9fff]
[    0.009133] ACPI: Early table checksum verification disabled
[    0.009142] ACPI: RSDP 0x000000006FC4E014 000024 (v02 LENOVO)
[    0.009146] ACPI: XSDT 0x000000006FC4C188 00012C (v01 LENOVO TP-N2V   00001018 PTEC 00000002)
[    0.009152] ACPI: FACP 0x000000006CA5E000 000114 (v06 LENOVO TP-N2V   00001018 PTEC 00000002)
[    0.009157] ACPI: DSDT 0x000000006CA2D000 02C796 (v02 LENOVO CML      20170001 INTL 20160422)
[    0.009160] ACPI: FACS 0x000000006F95D000 000040
[    0.009163] ACPI: SSDT 0x000000006CABC000 0020AE (v02 LENOVO CpuSsdt  00003000 INTL 20160527)
[    0.009166] ACPI: SSDT 0x000000006CABB000 0005A1 (v02 LENOVO CtdpB    00001000 INTL 20160527)
[    0.009169] ACPI: SSDT 0x000000006CABA000 000A52 (v02 LENOVO ItbmSci  00003000 INTL 20160527)
[    0.009172] ACPI: SSDT 0x000000006CA7C000 0040F3 (v02 LENOVO DptfTabl 00001000 INTL 20160527)
[    0.009175] ACPI: SSDT 0x000000006CA66000 00331E (v02 LENOVO SaSsdt   00003000 INTL 20160527)
[    0.009178] ACPI: SSDT 0x000000006CA63000 002EE8 (v02 LENOVO PegSsdt  00001000 INTL 20160527)
[    0.009180] ACPI: SSDT 0x000000006CA62000 00060E (v02 LENOVO Tpm2Tabl 00001000 INTL 20160527)
[    0.009183] ACPI: TPM2 0x000000006CA61000 000034 (v04 LENOVO TP-N2V   00001018 PTEC 00000002)
[    0.009186] ACPI: SSDT 0x000000006CA5F000 0005D8 (v02 LENOVO PerfTune 00001000 INTL 20160527)
[    0.009189] ACPI: HPET 0x000000006CA5D000 000038 (v01 LENOVO TP-N2V   00001018 PTEC 00000002)
[    0.009192] ACPI: APIC 0x000000006CA5C000 000164 (v03 LENOVO TP-N2V   00001018 PTEC 00000002)
[    0.009195] ACPI: MCFG 0x000000006CA5B000 00003C (v01 LENOVO TP-N2V   00001018 PTEC 00000002)
[    0.009198] ACPI: ECDT 0x000000006CA5A000 000053 (v01 LENOVO TP-N2V   00001018 PTEC 00000002)
[    0.009201] ACPI: SSDT 0x000000006CA2B000 001F35 (v02 LENOVO CflH_Tbt 00001000 INTL 20160527)
[    0.009204] ACPI: SSDT 0x000000006CA2A000 0000A6 (v02 LENOVO PID0Ssdt 00000010 INTL 20160527)
[    0.009207] ACPI: SSDT 0x000000006CA28000 001EA2 (v02 LENOVO ProjSsdt 00000010 INTL 20160527)
[    0.009210] ACPI: NHLT 0x000000006CA26000 0018CE (v00 LENOVO TP-N2V   00001018 PTEC 00000002)
[    0.009213] ACPI: BOOT 0x000000006CA25000 000028 (v01 LENOVO TP-N2V   00001018 PTEC 00000002)
[    0.009215] ACPI: SSDT 0x000000006CA21000 000EFB (v02 LENOVO UsbCTabl 00001000 INTL 20160527)
[    0.009218] ACPI: LPIT 0x000000006CA20000 000094 (v01 LENOVO TP-N2V   00001018 PTEC 00000002)
[    0.009221] ACPI: WSMT 0x000000006CA1F000 000028 (v01 LENOVO TP-N2V   00001018 PTEC 00000002)
[    0.009224] ACPI: SSDT 0x000000006CA1C000 00281B (v02 LENOVO TbtTypeC 00000000 INTL 20160527)
[    0.009227] ACPI: DBGP 0x000000006CA1B000 000034 (v01 LENOVO TP-N2V   00001018 PTEC 00000002)
[    0.009230] ACPI: DBG2 0x000000006CA1A000 000054 (v00 LENOVO TP-N2V   00001018 PTEC 00000002)
[    0.009233] ACPI: MSDM 0x000000006CA19000 000055 (v03 LENOVO TP-N2V   00001018 PTEC 00000002)
[    0.009236] ACPI: BATB 0x000000006C83C000 00004A (v02 LENOVO TP-N2V   00001018 PTEC 00000002)
[    0.009239] ACPI: SSDT 0x000000006B035000 001CEE (v01 LENOVO NvOptTbl 00001000 INTL 20160527)
[    0.009242] ACPI: SSDT 0x000000006B033000 0000AE (v02 LENOVO SgPeg    00001000 INTL 20160527)
[    0.009245] ACPI: ASF! 0x000000006B032000 0000A0 (v32 LENOVO TP-N2V   00001018 PTEC 00000002)
[    0.009248] ACPI: BGRT 0x000000006B031000 000038 (v01 LENOVO TP-N2V   00001018 PTEC 00000002)
[    0.009250] ACPI: UEFI 0x000000006F8DF000 00012A (v01 LENOVO TP-N2V   00001018 PTEC 00000002)
[    0.009256] ACPI: FPDT 0x000000006B030000 000044 (v01 LENOVO TP-N2V   00001018 PTEC 00001018)
[    0.009260] ACPI: Reserving FACP table memory at [mem 0x6ca5e000-0x6ca5e113]
[    0.009261] ACPI: Reserving DSDT table memory at [mem 0x6ca2d000-0x6ca59795]
[    0.009263] ACPI: Reserving FACS table memory at [mem 0x6f95d000-0x6f95d03f]
[    0.009264] ACPI: Reserving SSDT table memory at [mem 0x6cabc000-0x6cabe0ad]
[    0.009264] ACPI: Reserving SSDT table memory at [mem 0x6cabb000-0x6cabb5a0]
[    0.009265] ACPI: Reserving SSDT table memory at [mem 0x6caba000-0x6cabaa51]
[    0.009266] ACPI: Reserving SSDT table memory at [mem 0x6ca7c000-0x6ca800f2]
[    0.009267] ACPI: Reserving SSDT table memory at [mem 0x6ca66000-0x6ca6931d]
[    0.009268] ACPI: Reserving SSDT table memory at [mem 0x6ca63000-0x6ca65ee7]
[    0.009269] ACPI: Reserving SSDT table memory at [mem 0x6ca62000-0x6ca6260d]
[    0.009270] ACPI: Reserving TPM2 table memory at [mem 0x6ca61000-0x6ca61033]
[    0.009271] ACPI: Reserving SSDT table memory at [mem 0x6ca5f000-0x6ca5f5d7]
[    0.009272] ACPI: Reserving HPET table memory at [mem 0x6ca5d000-0x6ca5d037]
[    0.009272] ACPI: Reserving APIC table memory at [mem 0x6ca5c000-0x6ca5c163]
[    0.009273] ACPI: Reserving MCFG table memory at [mem 0x6ca5b000-0x6ca5b03b]
[    0.009274] ACPI: Reserving ECDT table memory at [mem 0x6ca5a000-0x6ca5a052]
[    0.009275] ACPI: Reserving SSDT table memory at [mem 0x6ca2b000-0x6ca2cf34]
[    0.009276] ACPI: Reserving SSDT table memory at [mem 0x6ca2a000-0x6ca2a0a5]
[    0.009277] ACPI: Reserving SSDT table memory at [mem 0x6ca28000-0x6ca29ea1]
[    0.009278] ACPI: Reserving NHLT table memory at [mem 0x6ca26000-0x6ca278cd]
[    0.009279] ACPI: Reserving BOOT table memory at [mem 0x6ca25000-0x6ca25027]
[    0.009280] ACPI: Reserving SSDT table memory at [mem 0x6ca21000-0x6ca21efa]
[    0.009281] ACPI: Reserving LPIT table memory at [mem 0x6ca20000-0x6ca20093]
[    0.009282] ACPI: Reserving WSMT table memory at [mem 0x6ca1f000-0x6ca1f027]
[    0.009283] ACPI: Reserving SSDT table memory at [mem 0x6ca1c000-0x6ca1e81a]
[    0.009283] ACPI: Reserving DBGP table memory at [mem 0x6ca1b000-0x6ca1b033]
[    0.009284] ACPI: Reserving DBG2 table memory at [mem 0x6ca1a000-0x6ca1a053]
[    0.009285] ACPI: Reserving MSDM table memory at [mem 0x6ca19000-0x6ca19054]
[    0.009286] ACPI: Reserving BATB table memory at [mem 0x6c83c000-0x6c83c049]
[    0.009287] ACPI: Reserving SSDT table memory at [mem 0x6b035000-0x6b036ced]
[    0.009288] ACPI: Reserving SSDT table memory at [mem 0x6b033000-0x6b0330ad]
[    0.009289] ACPI: Reserving ASF! table memory at [mem 0x6b032000-0x6b03209f]
[    0.009290] ACPI: Reserving BGRT table memory at [mem 0x6b031000-0x6b031037]
[    0.009291] ACPI: Reserving UEFI table memory at [mem 0x6f8df000-0x6f8df129]
[    0.009292] ACPI: Reserving FPDT table memory at [mem 0x6b030000-0x6b030043]
[    0.009422] No NUMA configuration found
[    0.009423] Faking a node at [mem 0x0000000000000000-0x000000107e7fffff]
[    0.009427] NODE_DATA(0) allocated [mem 0x107e7faac0-0x107e7fffff]
[    0.009532] Zone ranges:
[    0.009532]   DMA      [mem 0x0000000000001000-0x0000000000ffffff]
[    0.009534]   DMA32    [mem 0x0000000001000000-0x00000000ffffffff]
[    0.009536]   Normal   [mem 0x0000000100000000-0x000000107e7fffff]
[    0.009537]   Device   empty
[    0.009538] Movable zone start for each node
[    0.009539] Early memory node ranges
[    0.009540]   node   0: [mem 0x0000000000001000-0x000000000009efff]
[    0.009541]   node   0: [mem 0x0000000000100000-0x000000006a5b6fff]
[    0.009542]   node   0: [mem 0x000000006fc4f000-0x000000006fc4ffff]
[    0.009543]   node   0: [mem 0x0000000100000000-0x000000107e7fffff]
[    0.009552] Initmem setup node 0 [mem 0x0000000000001000-0x000000107e7fffff]
[    0.009558] On node 0, zone DMA: 1 pages in unavailable ranges
[    0.009580] On node 0, zone DMA: 97 pages in unavailable ranges
[    0.012245] On node 0, zone DMA32: 22168 pages in unavailable ranges
[    0.101080] On node 0, zone Normal: 944 pages in unavailable ranges
[    0.101161] On node 0, zone Normal: 6144 pages in unavailable ranges
[    0.101199] Reserving Intel graphics memory at [mem 0x79800000-0x7d7fffff]
[    0.101759] ACPI: PM-Timer IO Port: 0x1808
[    0.101768] ACPI: LAPIC_NMI (acpi_id[0x01] high edge lint[0x1])
[    0.101770] ACPI: LAPIC_NMI (acpi_id[0x02] high edge lint[0x1])
[    0.101771] ACPI: LAPIC_NMI (acpi_id[0x03] high edge lint[0x1])
[    0.101771] ACPI: LAPIC_NMI (acpi_id[0x04] high edge lint[0x1])
[    0.101772] ACPI: LAPIC_NMI (acpi_id[0x05] high edge lint[0x1])
[    0.101773] ACPI: LAPIC_NMI (acpi_id[0x06] high edge lint[0x1])
[    0.101774] ACPI: LAPIC_NMI (acpi_id[0x07] high edge lint[0x1])
[    0.101775] ACPI: LAPIC_NMI (acpi_id[0x08] high edge lint[0x1])
[    0.101776] ACPI: LAPIC_NMI (acpi_id[0x09] high edge lint[0x1])
[    0.101776] ACPI: LAPIC_NMI (acpi_id[0x0a] high edge lint[0x1])
[    0.101777] ACPI: LAPIC_NMI (acpi_id[0x0b] high edge lint[0x1])
[    0.101778] ACPI: LAPIC_NMI (acpi_id[0x0c] high edge lint[0x1])
[    0.101779] ACPI: LAPIC_NMI (acpi_id[0x0d] high edge lint[0x1])
[    0.101780] ACPI: LAPIC_NMI (acpi_id[0x0e] high edge lint[0x1])
[    0.101781] ACPI: LAPIC_NMI (acpi_id[0x0f] high edge lint[0x1])
[    0.101781] ACPI: LAPIC_NMI (acpi_id[0x10] high edge lint[0x1])
[    0.101782] ACPI: LAPIC_NMI (acpi_id[0x11] high edge lint[0x1])
[    0.101783] ACPI: LAPIC_NMI (acpi_id[0x12] high edge lint[0x1])
[    0.101784] ACPI: LAPIC_NMI (acpi_id[0x13] high edge lint[0x1])
[    0.101785] ACPI: LAPIC_NMI (acpi_id[0x14] high edge lint[0x1])
[    0.101825] IOAPIC[0]: apic_id 2, version 32, address 0xfec00000, GSI 0-119
[    0.101828] ACPI: INT_SRC_OVR (bus 0 bus_irq 0 global_irq 2 dfl dfl)
[    0.101830] ACPI: INT_SRC_OVR (bus 0 bus_irq 9 global_irq 9 high level)
[    0.101834] ACPI: Using ACPI (MADT) for SMP configuration information
[    0.101835] ACPI: HPET id: 0x8086a201 base: 0xfed00000
[    0.101842] e820: update [mem 0x66a2a000-0x66c6afff] usable ==> reserved
[    0.101851] TSC deadline timer available
[    0.101856] CPU topo: Max. logical packages:   1
[    0.101857] CPU topo: Max. logical dies:       1
[    0.101858] CPU topo: Max. dies per package:   1
[    0.101862] CPU topo: Max. threads per core:   2
[    0.101863] CPU topo: Num. cores per package:     6
[    0.101864] CPU topo: Num. threads per package:  12
[    0.101865] CPU topo: Allowing 12 present CPUs plus 0 hotplug CPUs
[    0.101877] PM: hibernation: Registered nosave memory: [mem 0x00000000-0x00000fff]
[    0.101879] PM: hibernation: Registered nosave memory: [mem 0x0009f000-0x000fffff]
[    0.101880] PM: hibernation: Registered nosave memory: [mem 0x66a2a000-0x66c6afff]
[    0.101882] PM: hibernation: Registered nosave memory: [mem 0x6a5b7000-0x6e794fff]
[    0.101883] PM: hibernation: Registered nosave memory: [mem 0x6e795000-0x6fb1efff]
[    0.101884] PM: hibernation: Registered nosave memory: [mem 0x6fb1f000-0x6fc4efff]
[    0.101885] PM: hibernation: Registered nosave memory: [mem 0x6fc50000-0x7d7fffff]
[    0.101886] PM: hibernation: Registered nosave memory: [mem 0x7d800000-0xffffffff]
[    0.101888] [mem 0x7d800000-0xffffffff] available for PCI devices
[    0.101889] Booting paravirtualized kernel on bare hardware
[    0.101891] clocksource: refined-jiffies: mask: 0xffffffff max_cycles: 0xffffffff, max_idle_ns: 1910969940391419 ns
[    0.108447] setup_percpu: NR_CPUS:384 nr_cpumask_bits:12 nr_cpu_ids:12 nr_node_ids:1
[    0.109145] percpu: Embedded 87 pages/cpu s233472 r8192 d114688 u524288
[    0.109152] pcpu-alloc: s233472 r8192 d114688 u524288 alloc=1*2097152
[    0.109155] pcpu-alloc: [0] 00 01 02 03 [0] 04 05 06 07 
[    0.109161] pcpu-alloc: [0] 08 09 10 11 
[    0.109178] Kernel command line: initrd=\EFI\nixos\j3v5d72hhdl479sri0dnlr7anbmd06xx-initrd-linux-6.12.17-initrd.efi init=/nix/store/c6rjgi2k3l5y5wgx57bp535d760g1nay-nixos-system-modulus-25.05.20250306.3b2d2f0/init intel_iommu=on iommu=pt acpi_backlight=native loglevel=4 nvidia-drm.modeset=1 nvidia-drm.fbdev=1
[    0.109221] DMAR: IOMMU enabled
[    0.114585] Dentry cache hash table entries: 8388608 (order: 14, 67108864 bytes, linear)
[    0.117224] Inode-cache hash table entries: 4194304 (order: 13, 33554432 bytes, linear)
[    0.117378] Fallback order for Node 0: 0 
[    0.117381] Built 1 zonelists, mobility grouping on.  Total pages: 16682326
[    0.117382] Policy zone: Normal
[    0.117586] mem auto-init: stack:all(zero), heap alloc:on, heap free:off
[    0.117589] software IO TLB: area num 16.
[    0.281042] SLUB: HWalign=64, Order=0-3, MinObjects=0, CPUs=12, Nodes=1
[    0.281091] ftrace: allocating 45229 entries in 177 pages
[    0.289528] ftrace: allocated 177 pages with 4 groups
[    0.290260] Dynamic Preempt: voluntary
[    0.290355] rcu: Preemptible hierarchical RCU implementation.
[    0.290355] rcu: 	RCU event tracing is enabled.
[    0.290356] rcu: 	RCU restricting CPUs from NR_CPUS=384 to nr_cpu_ids=12.
[    0.290357] 	Trampoline variant of Tasks RCU enabled.
[    0.290358] 	Rude variant of Tasks RCU enabled.
[    0.290358] 	Tracing variant of Tasks RCU enabled.
[    0.290359] rcu: RCU calculated value of scheduler-enlistment delay is 100 jiffies.
[    0.290360] rcu: Adjusting geometry for rcu_fanout_leaf=16, nr_cpu_ids=12
[    0.290371] RCU Tasks: Setting shift to 4 and lim to 1 rcu_task_cb_adjust=1 rcu_task_cpu_ids=12.
[    0.290373] RCU Tasks Rude: Setting shift to 4 and lim to 1 rcu_task_cb_adjust=1 rcu_task_cpu_ids=12.
[    0.290375] RCU Tasks Trace: Setting shift to 4 and lim to 1 rcu_task_cb_adjust=1 rcu_task_cpu_ids=12.
[    0.296605] NR_IRQS: 24832, nr_irqs: 2152, preallocated irqs: 16
[    0.296933] rcu: srcu_init: Setting srcu_struct sizes based on contention.
[    0.297252] kfence: initialized - using 2097152 bytes for 255 objects at 0x(____ptrval____)-0x(____ptrval____)
[    0.297299] Console: colour dummy device 80x25
[    0.297302] printk: legacy console [tty0] enabled
[    0.297359] ACPI: Core revision 20240827
[    0.297638] hpet: HPET dysfunctional in PC10. Force disabled.
[    0.297698] APIC: Switch to symmetric I/O mode setup
[    0.299214] x2apic: IRQ remapping doesn't support X2APIC mode
[    0.304523] clocksource: tsc-early: mask: 0xffffffffffffffff max_cycles: 0x285bfbafad2, max_idle_ns: 440795215530 ns
[    0.304529] Calibrating delay loop (skipped), value calculated using timer frequency.. 5599.85 BogoMIPS (lpj=2799927)
[    0.304557] CPU0: Thermal monitoring enabled (TM1)
[    0.304612] Last level iTLB entries: 4KB 64, 2MB 8, 4MB 8
[    0.304613] Last level dTLB entries: 4KB 64, 2MB 0, 4MB 0, 1GB 4
[    0.304616] process: using mwait in idle threads
[    0.304619] Spectre V1 : Mitigation: usercopy/swapgs barriers and __user pointer sanitization
[    0.304621] Spectre V2 : Spectre BHI mitigation: SW BHB clearing on syscall and VM exit
[    0.304622] Spectre V2 : Mitigation: Enhanced / Automatic IBRS
[    0.304623] Spectre V2 : Spectre v2 / SpectreRSB mitigation: Filling RSB on context switch
[    0.304624] Spectre V2 : Spectre v2 / PBRSB-eIBRS: Retire a single CALL on VMEXIT
[    0.304625] RETBleed: Mitigation: Enhanced IBRS
[    0.304627] Spectre V2 : mitigation: Enabling conditional Indirect Branch Prediction Barrier
[    0.304629] Speculative Store Bypass: Mitigation: Speculative Store Bypass disabled via prctl
[    0.304634] MMIO Stale Data: Mitigation: Clear CPU buffers
[    0.304636] SRBDS: Mitigation: Microcode
[    0.304638] GDS: Mitigation: Microcode
[    0.304643] x86/fpu: Supporting XSAVE feature 0x001: 'x87 floating point registers'
[    0.304645] x86/fpu: Supporting XSAVE feature 0x002: 'SSE registers'
[    0.304646] x86/fpu: Supporting XSAVE feature 0x004: 'AVX registers'
[    0.304647] x86/fpu: Supporting XSAVE feature 0x008: 'MPX bounds registers'
[    0.304648] x86/fpu: Supporting XSAVE feature 0x010: 'MPX CSR'
[    0.304649] x86/fpu: Supporting XSAVE feature 0x200: 'Protection Keys User registers'
[    0.304651] x86/fpu: xstate_offset[2]:  576, xstate_sizes[2]:  256
[    0.304652] x86/fpu: xstate_offset[3]:  832, xstate_sizes[3]:   64
[    0.304654] x86/fpu: xstate_offset[4]:  896, xstate_sizes[4]:   64
[    0.304655] x86/fpu: xstate_offset[9]:  960, xstate_sizes[9]:    8
[    0.304656] x86/fpu: Enabled xstate features 0x21f, context size is 968 bytes, using 'compacted' format.
[    0.305527] Freeing SMP alternatives memory: 40K
[    0.305527] pid_max: default: 32768 minimum: 301
[    0.305527] LSM: initializing lsm=capability,landlock,yama,selinux,bpf
[    0.305527] landlock: Up and running.
[    0.305527] Yama: becoming mindful.
[    0.305527] SELinux:  Initializing.
[    0.305527] LSM support for eBPF active
[    0.305527] Mount-cache hash table entries: 131072 (order: 8, 1048576 bytes, linear)
[    0.305527] Mountpoint-cache hash table entries: 131072 (order: 8, 1048576 bytes, linear)
[    0.305527] smpboot: CPU0: Intel(R) Xeon(R) W-10855M CPU @ 2.80GHz (family: 0x6, model: 0xa5, stepping: 0x2)
[    0.305527] Performance Events: PEBS fmt3+, Skylake events, 32-deep LBR, full-width counters, Intel PMU driver.
[    0.305527] ... version:                4
[    0.305527] ... bit width:              48
[    0.305527] ... generic registers:      4
[    0.305527] ... value mask:             0000ffffffffffff
[    0.305527] ... max period:             00007fffffffffff
[    0.305527] ... fixed-purpose events:   3
[    0.305527] ... event mask:             000000070000000f
[    0.305527] signal: max sigframe size: 3632
[    0.305527] Estimated ratio of average max frequency by base frequency (times 1024): 1755
[    0.306428] rcu: Hierarchical SRCU implementation.
[    0.306430] rcu: 	Max phase no-delay instances is 400.
[    0.306469] Timer migration: 2 hierarchy levels; 8 children per group; 2 crossnode level
[    0.307136] NMI watchdog: Enabled. Permanently consumes one hw-PMU counter.
[    0.307232] smp: Bringing up secondary CPUs ...
[    0.307328] smpboot: x86: Booting SMP configuration:
[    0.307329] .... node  #0, CPUs:        #1  #2  #3  #4  #5  #6  #7  #8  #9 #10 #11
[    0.313018] MMIO Stale Data CPU bug present and SMT on, data leak possible. See https://www.kernel.org/doc/html/latest/admin-guide/hw-vuln/processor_mmio_stale_data.html for more details.
[    0.313614] smp: Brought up 1 node, 12 CPUs
[    0.313614] smpboot: Total of 12 processors activated (67198.24 BogoMIPS)
[    0.314664] Memory: 65417816K/66729304K available (16384K kernel code, 2477K rwdata, 12472K rodata, 3256K init, 3848K bss, 1290648K reserved, 0K cma-reserved)
[    0.316648] devtmpfs: initialized
[    0.316648] x86/mm: Memory block size: 2048MB
[    0.317829] ACPI: PM: Registering ACPI NVS region [mem 0x6e795000-0x6fb1efff] (20488192 bytes)
[    0.317865] clocksource: jiffies: mask: 0xffffffff max_cycles: 0xffffffff, max_idle_ns: 1911260446275000 ns
[    0.317888] futex hash table entries: 4096 (order: 6, 262144 bytes, linear)
[    0.317974] pinctrl core: initialized pinctrl subsystem
[    0.318530] PM: RTC time: 16:01:19, date: 2026-06-24
[    0.319190] NET: Registered PF_NETLINK/PF_ROUTE protocol family
[    0.319722] DMA: preallocated 4096 KiB GFP_KERNEL pool for atomic allocations
[    0.320058] DMA: preallocated 4096 KiB GFP_KERNEL|GFP_DMA pool for atomic allocations
[    0.320400] DMA: preallocated 4096 KiB GFP_KERNEL|GFP_DMA32 pool for atomic allocations
[    0.320415] audit: initializing netlink subsys (disabled)
[    0.320512] audit: type=2000 audit(1782316879.015:1): state=initialized audit_enabled=0 res=1
[    0.320513] thermal_sys: Registered thermal governor 'bang_bang'
[    0.320513] thermal_sys: Registered thermal governor 'step_wise'
[    0.320513] thermal_sys: Registered thermal governor 'user_space'
[    0.320534] cpuidle: using governor menu
[    0.320597] Simple Boot Flag at 0x47 set to 0x1
[    0.320597] ACPI FADT declares the system doesn't support PCIe ASPM, so disable it
[    0.320597] acpiphp: ACPI Hot Plug PCI Controller Driver version: 0.5
[    0.320903] PCI: ECAM [mem 0xf0000000-0xf7ffffff] (base 0xf0000000) for domain 0000 [bus 00-7f]
[    0.320918] PCI: Using configuration type 1 for base access
[    0.321040] kprobes: kprobe jump-optimization is enabled. All kprobes are optimized if possible.
[    0.328554] HugeTLB: registered 1.00 GiB page size, pre-allocated 0 pages
[    0.328557] HugeTLB: 16380 KiB vmemmap can be freed for a 1.00 GiB page
[    0.328560] HugeTLB: registered 2.00 MiB page size, pre-allocated 0 pages
[    0.328561] HugeTLB: 28 KiB vmemmap can be freed for a 2.00 MiB page
[    0.328706] ACPI: Added _OSI(Module Device)
[    0.328706] ACPI: Added _OSI(Processor Device)
[    0.328706] ACPI: Added _OSI(3.0 _SCP Extensions)
[    0.328706] ACPI: Added _OSI(Processor Aggregator Device)
[    0.403132] ACPI: 16 ACPI AML tables successfully acquired and loaded
[    0.404253] ACPI: EC: EC started
[    0.404255] ACPI: EC: interrupt blocked
[    0.404996] ACPI: EC: EC_CMD/EC_SC=0x66, EC_DATA=0x62
[    0.404998] ACPI: EC: Boot ECDT EC used to handle transactions
[    0.407022] ACPI: [Firmware Bug]: BIOS _OSI(Linux) query ignored
[    0.469096] ACPI: Dynamic OEM Table Load:
[    0.469111] ACPI: SSDT 0xFFFF9A72C2405400 000400 (v02 PmRef  Cpu0Cst  00003001 INTL 20160527)
[    0.470383] ACPI: Dynamic OEM Table Load:
[    0.470395] ACPI: SSDT 0xFFFF9A72C1EC0800 00063F (v02 PmRef  Cpu0Ist  00003000 INTL 20160527)
[    0.471712] ACPI: Dynamic OEM Table Load:
[    0.471723] ACPI: SSDT 0xFFFF9A72C11A5800 0000FC (v02 PmRef  Cpu0Psd  00003000 INTL 20160527)
[    0.472942] ACPI: Dynamic OEM Table Load:
[    0.472952] ACPI: SSDT 0xFFFF9A72C1E53A00 00016C (v02 PmRef  Cpu0Hwp  00003000 INTL 20160527)
[    0.474112] ACPI: Dynamic OEM Table Load:
[    0.474125] ACPI: SSDT 0xFFFF9A72C2408000 000BEA (v02 PmRef  HwpLvt   00003000 INTL 20160527)
[    0.475579] ACPI: Dynamic OEM Table Load:
[    0.475592] ACPI: SSDT 0xFFFF9A72C1EC1000 000778 (v02 PmRef  ApIst    00003000 INTL 20160527)
[    0.476962] ACPI: Dynamic OEM Table Load:
[    0.476973] ACPI: SSDT 0xFFFF9A72C2406800 0003D7 (v02 PmRef  ApHwp    00003000 INTL 20160527)
[    0.478315] ACPI: Dynamic OEM Table Load:
[    0.478328] ACPI: SSDT 0xFFFF9A72C240A000 000D22 (v02 PmRef  ApPsd    00003000 INTL 20160527)
[    0.480376] ACPI: Dynamic OEM Table Load:
[    0.480387] ACPI: SSDT 0xFFFF9A72C2400800 0003CA (v02 PmRef  ApCst    00003000 INTL 20160527)
[    0.486485] ACPI: Interpreter enabled
[    0.486558] ACPI: PM: (supports S0 S3 S4 S5)
[    0.486560] ACPI: Using IOAPIC for interrupt routing
[    0.486615] PCI: Using host bridge windows from ACPI; if necessary, use "pci=nocrs" and report a bug
[    0.486617] PCI: Using E820 reservations for host bridge windows
[    0.487160] ACPI: Enabled 12 GPEs in block 00 to 7F
[    0.488760] ACPI: \_SB_.PCI0.PEG0.PG00: New power resource
[    0.490185] ACPI: \_SB_.PCI0.PEG1.PG01: New power resource
[    0.490630] ACPI: \_SB_.PCI0.PEG2.PG02: New power resource
[    0.494640] ACPI: \_SB_.PCI0.LPCB.EC__.PUBS: New power resource
[    0.499404] ACPI: \_SB_.PCI0.XHC_.RHUB.HS14.BTPR: New power resource
[    0.500398] ACPI: \_SB_.PCI0.XDCI.USBC: New power resource
[    0.500966] ACPI: \_SB_.PCI0.RP01.PXP_: New power resource
[    0.505894] ACPI: \_SB_.PCI0.RP07.PXP_: New power resource
[    0.514174] ACPI: \_SB_.PCI0.SAT0.VOL0.V0PR: New power resource
[    0.514374] ACPI: \_SB_.PCI0.SAT0.VOL1.V1PR: New power resource
[    0.514570] ACPI: \_SB_.PCI0.SAT0.VOL2.V2PR: New power resource
[    0.516045] ACPI: \_SB_.PCI0.CNVW.WRST: New power resource
[    0.520358] ACPI: \PIN_: New power resource
[    0.520394] ACPI: \PINP: New power resource
[    0.521133] ACPI: PCI Root Bridge [PCI0] (domain 0000 [bus 00-7e])
[    0.521144] acpi PNP0A08:00: _OSC: OS supports [ExtendedConfig ASPM ClockPM Segments MSI HPX-Type3]
[    0.523874] acpi PNP0A08:00: _OSC: OS now controls [PCIeHotplug PME PCIeCapability LTR]
[    0.523877] acpi PNP0A08:00: FADT indicates ASPM is unsupported, using BIOS configuration
[    0.526439] PCI host bridge to bus 0000:00
[    0.526445] pci_bus 0000:00: root bus resource [io  0x0000-0x0cf7 window]
[    0.526449] pci_bus 0000:00: root bus resource [io  0x0d00-0xffff window]
[    0.526451] pci_bus 0000:00: root bus resource [mem 0x000a0000-0x000bffff window]
[    0.526453] pci_bus 0000:00: root bus resource [mem 0x7d800000-0xefffffff window]
[    0.526455] pci_bus 0000:00: root bus resource [mem 0x4000000000-0x7fffffffff window]
[    0.526458] pci_bus 0000:00: root bus resource [mem 0xfc800000-0xfe7fffff window]
[    0.526460] pci_bus 0000:00: root bus resource [bus 00-7e]
[    0.526492] pci 0000:00:00.0: [8086:9b54] type 00 class 0x060000 conventional PCI endpoint
[    0.526594] pci 0000:00:01.0: [8086:1901] type 01 class 0x060400 PCIe Root Port
[    0.526611] pci 0000:00:01.0: PCI bridge to [bus 01]
[    0.526615] pci 0000:00:01.0:   bridge window [io  0x3000-0x3fff]
[    0.526619] pci 0000:00:01.0:   bridge window [mem 0xad000000-0xae0fffff]
[    0.526626] pci 0000:00:01.0:   bridge window [mem 0x80000000-0x91ffffff 64bit pref]
[    0.526665] pci 0000:00:01.0: PME# supported from D0 D3hot D3cold
[    0.527125] pci 0000:00:02.0: [8086:9bf6] type 00 class 0x030000 PCIe Root Complex Integrated Endpoint
[    0.527137] pci 0000:00:02.0: BAR 0 [mem 0x6040000000-0x6040ffffff 64bit]
[    0.527145] pci 0000:00:02.0: BAR 2 [mem 0x4000000000-0x400fffffff 64bit pref]
[    0.527151] pci 0000:00:02.0: BAR 4 [io  0x4000-0x403f]
[    0.527176] pci 0000:00:02.0: Video device with shadowed ROM at [mem 0x000c0000-0x000dffff]
[    0.527365] pci 0000:00:04.0: [8086:1903] type 00 class 0x118000 conventional PCI endpoint
[    0.527377] pci 0000:00:04.0: BAR 0 [mem 0x6041110000-0x6041117fff 64bit]
[    0.527766] pci 0000:00:08.0: [8086:1911] type 00 class 0x088000 conventional PCI endpoint
[    0.527777] pci 0000:00:08.0: BAR 0 [mem 0x6041126000-0x6041126fff 64bit]
[    0.527919] pci 0000:00:12.0: [8086:06f9] type 00 class 0x118000 conventional PCI endpoint
[    0.527939] pci 0000:00:12.0: BAR 0 [mem 0x6041125000-0x6041125fff 64bit]
[    0.528123] pci 0000:00:14.0: [8086:06ed] type 00 class 0x0c0330 conventional PCI endpoint
[    0.528140] pci 0000:00:14.0: BAR 0 [mem 0x6041100000-0x604110ffff 64bit]
[    0.528211] pci 0000:00:14.0: PME# supported from D3hot D3cold
[    0.528746] pci 0000:00:14.2: [8086:06ef] type 00 class 0x050000 conventional PCI endpoint
[    0.528765] pci 0000:00:14.2: BAR 0 [mem 0x6041120000-0x6041121fff 64bit]
[    0.528778] pci 0000:00:14.2: BAR 2 [mem 0x6041124000-0x6041124fff 64bit]
[    0.528956] pci 0000:00:14.3: [8086:06f0] type 00 class 0x028000 PCIe Root Complex Integrated Endpoint
[    0.528988] pci 0000:00:14.3: BAR 0 [mem 0x604111c000-0x604111ffff 64bit]
[    0.529113] pci 0000:00:14.3: PME# supported from D0 D3hot D3cold
[    0.529374] pci 0000:00:16.0: [8086:06e0] type 00 class 0x078000 conventional PCI endpoint
[    0.529397] pci 0000:00:16.0: BAR 0 [mem 0x6041123000-0x6041123fff 64bit]
[    0.529488] pci 0000:00:16.0: PME# supported from D3hot
[    0.529838] pci 0000:00:16.3: [8086:06e3] type 00 class 0x070002 conventional PCI endpoint
[    0.529852] pci 0000:00:16.3: BAR 0 [io  0x4060-0x4067]
[    0.529860] pci 0000:00:16.3: BAR 1 [mem 0xae381000-0xae381fff]
[    0.530044] pci 0000:00:1c.0: [8086:06b8] type 01 class 0x060400 PCIe Root Port
[    0.530069] pci 0000:00:1c.0: PCI bridge to [bus 04-51]
[    0.530076] pci 0000:00:1c.0:   bridge window [mem 0x94000000-0xac1fffff]
[    0.530085] pci 0000:00:1c.0:   bridge window [mem 0x6000000000-0x603fffffff 64bit pref]
[    0.530158] pci 0000:00:1c.0: PME# supported from D0 D3hot D3cold
[    0.530916] pci 0000:00:1c.7: [8086:06bf] type 01 class 0x060400 PCIe Root Port
[    0.530943] pci 0000:00:1c.7: PCI bridge to [bus 54]
[    0.530949] pci 0000:00:1c.7:   bridge window [mem 0xae200000-0xae2fffff]
[    0.531029] pci 0000:00:1c.7: PME# supported from D0 D3hot D3cold
[    0.531748] pci 0000:00:1d.0: [8086:06b0] type 01 class 0x060400 PCIe Root Port
[    0.531777] pci 0000:00:1d.0: PCI bridge to [bus 55]
[    0.531784] pci 0000:00:1d.0:   bridge window [mem 0xae100000-0xae1fffff]
[    0.531879] pci 0000:00:1d.0: PME# supported from D0 D3hot D3cold
[    0.532637] pci 0000:00:1f.0: [8086:068e] type 00 class 0x060100 conventional PCI endpoint
[    0.533258] pci 0000:00:1f.3: [8086:06c8] type 00 class 0x040100 conventional PCI endpoint
[    0.533302] pci 0000:00:1f.3: BAR 0 [mem 0x6041118000-0x604111bfff 64bit]
[    0.533364] pci 0000:00:1f.3: BAR 4 [mem 0x6041000000-0x60410fffff 64bit]
[    0.533501] pci 0000:00:1f.3: PME# supported from D3hot D3cold
[    0.534036] pci 0000:00:1f.4: [8086:06a3] type 00 class 0x0c0500 conventional PCI endpoint
[    0.534062] pci 0000:00:1f.4: BAR 0 [mem 0x6041122000-0x60411220ff 64bit]
[    0.534092] pci 0000:00:1f.4: BAR 4 [io  0xefa0-0xefbf]
[    0.534474] pci 0000:00:1f.5: [8086:06a4] type 00 class 0x0c8000 conventional PCI endpoint
[    0.534491] pci 0000:00:1f.5: BAR 0 [mem 0xfe010000-0xfe010fff]
[    0.534680] pci 0000:01:00.0: [10de:1fb8] type 00 class 0x030000 PCIe Legacy Endpoint
[    0.534705] pci 0000:01:00.0: BAR 0 [mem 0xad000000-0xadffffff]
[    0.534726] pci 0000:01:00.0: BAR 1 [mem 0x80000000-0x8fffffff 64bit pref]
[    0.534746] pci 0000:01:00.0: BAR 3 [mem 0x90000000-0x91ffffff 64bit pref]
[    0.534760] pci 0000:01:00.0: BAR 5 [io  0x3000-0x307f]
[    0.534774] pci 0000:01:00.0: ROM [mem 0xfff80000-0xffffffff pref]
[    0.534874] pci 0000:01:00.0: PME# supported from D0 D3hot D3cold
[    0.535182] pci 0000:01:00.1: [10de:10fa] type 00 class 0x040300 PCIe Endpoint
[    0.535204] pci 0000:01:00.1: BAR 0 [mem 0xae000000-0xae003fff]
[    0.535457] pci 0000:00:01.0: PCI bridge to [bus 01]
[    0.535547] pci 0000:04:00.0: [8086:15ea] type 01 class 0x060400 PCIe Switch Upstream Port
[    0.535584] pci 0000:04:00.0: PCI bridge to [bus 05-51]
[    0.535596] pci 0000:04:00.0:   bridge window [mem 0x94000000-0xac1fffff]
[    0.535609] pci 0000:04:00.0:   bridge window [mem 0x6000000000-0x603fffffff 64bit pref]
[    0.535624] pci 0000:04:00.0: enabling Extended Tags
[    0.535747] pci 0000:04:00.0: supports D1 D2
[    0.535749] pci 0000:04:00.0: PME# supported from D0 D1 D2 D3hot D3cold
[    0.535996] pci 0000:00:1c.0: PCI bridge to [bus 04-51]
[    0.536089] pci 0000:05:00.0: [8086:15ea] type 01 class 0x060400 PCIe Switch Downstream Port
[    0.536127] pci 0000:05:00.0: PCI bridge to [bus 06]
[    0.536138] pci 0000:05:00.0:   bridge window [mem 0xac100000-0xac1fffff]
[    0.536167] pci 0000:05:00.0: enabling Extended Tags
[    0.536289] pci 0000:05:00.0: supports D1 D2
[    0.536291] pci 0000:05:00.0: PME# supported from D0 D1 D2 D3hot D3cold
[    0.536504] pci 0000:05:01.0: [8086:15ea] type 01 class 0x060400 PCIe Switch Downstream Port
[    0.536543] pci 0000:05:01.0: PCI bridge to [bus 07-2b]
[    0.536554] pci 0000:05:01.0:   bridge window [mem 0xa0100000-0xac0fffff]
[    0.536567] pci 0000:05:01.0:   bridge window [mem 0x6020000000-0x603fffffff 64bit pref]
[    0.536585] pci 0000:05:01.0: enabling Extended Tags
[    0.536713] pci 0000:05:01.0: supports D1 D2
[    0.536715] pci 0000:05:01.0: PME# supported from D0 D1 D2 D3hot D3cold
[    0.536926] pci 0000:05:02.0: [8086:15ea] type 01 class 0x060400 PCIe Switch Downstream Port
[    0.536964] pci 0000:05:02.0: PCI bridge to [bus 2c]
[    0.536975] pci 0000:05:02.0:   bridge window [mem 0xa0000000-0xa00fffff]
[    0.537004] pci 0000:05:02.0: enabling Extended Tags
[    0.537122] pci 0000:05:02.0: supports D1 D2
[    0.537124] pci 0000:05:02.0: PME# supported from D0 D1 D2 D3hot D3cold
[    0.537365] pci 0000:05:04.0: [8086:15ea] type 01 class 0x060400 PCIe Switch Downstream Port
[    0.537403] pci 0000:05:04.0: PCI bridge to [bus 2d-51]
[    0.537414] pci 0000:05:04.0:   bridge window [mem 0x94000000-0x9fffffff]
[    0.537427] pci 0000:05:04.0:   bridge window [mem 0x6000000000-0x601fffffff 64bit pref]
[    0.537445] pci 0000:05:04.0: enabling Extended Tags
[    0.537573] pci 0000:05:04.0: supports D1 D2
[    0.537575] pci 0000:05:04.0: PME# supported from D0 D1 D2 D3hot D3cold
[    0.537791] pci 0000:04:00.0: PCI bridge to [bus 05-51]
[    0.537887] pci 0000:06:00.0: [8086:15eb] type 00 class 0x088000 PCIe Endpoint
[    0.537907] pci 0000:06:00.0: BAR 0 [mem 0xac100000-0xac13ffff]
[    0.537917] pci 0000:06:00.0: BAR 1 [mem 0xac140000-0xac140fff]
[    0.537967] pci 0000:06:00.0: enabling Extended Tags
[    0.538092] pci 0000:06:00.0: supports D1 D2
[    0.538094] pci 0000:06:00.0: PME# supported from D0 D1 D2 D3hot D3cold
[    0.538303] pci 0000:05:00.0: PCI bridge to [bus 06]
[    0.538375] pci 0000:05:01.0: PCI bridge to [bus 07-2b]
[    0.538484] pci 0000:2c:00.0: [8086:15ec] type 00 class 0x0c0330 PCIe Endpoint
[    0.538509] pci 0000:2c:00.0: BAR 0 [mem 0xa0000000-0xa000ffff]
[    0.538592] pci 0000:2c:00.0: enabling Extended Tags
[    0.538737] pci 0000:2c:00.0: supports D1 D2
[    0.538738] pci 0000:2c:00.0: PME# supported from D0 D1 D2 D3hot D3cold
[    0.538832] pci 0000:2c:00.0: 8.000 Gb/s available PCIe bandwidth, limited by 2.5 GT/s PCIe x4 link at 0000:05:02.0 (capable of 31.504 Gb/s with 8.0 GT/s PCIe x4 link)
[    0.539026] pci 0000:05:02.0: PCI bridge to [bus 2c]
[    0.539094] pci 0000:05:04.0: PCI bridge to [bus 2d-51]
[    0.539223] pci 0000:54:00.0: [10ec:525a] type 00 class 0xff0000 PCIe Endpoint
[    0.539251] pci 0000:54:00.0: BAR 1 [mem 0xae200000-0xae200fff]
[    0.539389] pci 0000:54:00.0: supports D1 D2
[    0.539391] pci 0000:54:00.0: PME# supported from D1 D2 D3hot D3cold
[    0.539623] pci 0000:00:1c.7: PCI bridge to [bus 54]
[    0.539816] pci 0000:55:00.0: [144d:a80d] type 00 class 0x010802 PCIe Endpoint
[    0.539839] pci 0000:55:00.0: BAR 0 [mem 0xae100000-0xae103fff 64bit]
[    0.540056] pci 0000:55:00.0: 31.504 Gb/s available PCIe bandwidth, limited by 8.0 GT/s PCIe x4 link at 0000:00:1d.0 (capable of 126.028 Gb/s with 32.0 GT/s PCIe x4 link)
[    0.540213] pci 0000:00:1d.0: PCI bridge to [bus 55]
[    0.545254] ACPI: EC: interrupt unblocked
[    0.545256] ACPI: EC: event unblocked
[    0.545267] ACPI: EC: EC_CMD/EC_SC=0x66, EC_DATA=0x62
[    0.545269] ACPI: EC: GPE=0x16
[    0.545271] ACPI: \_SB_.PCI0.LPCB.EC__: Boot ECDT EC initialization complete
[    0.545274] ACPI: \_SB_.PCI0.LPCB.EC__: EC: Used to handle transactions and events
[    0.545368] iommu: Default domain type: Passthrough (set via kernel command line)
[    0.545413] ACPI: bus type USB registered
[    0.545429] usbcore: registered new interface driver usbfs
[    0.545437] usbcore: registered new interface driver hub
[    0.545446] usbcore: registered new device driver usb
[    0.545686] efivars: Registered efivars operations
[    0.545824] NetLabel: Initializing
[    0.545826] NetLabel:  domain hash size = 128
[    0.545828] NetLabel:  protocols = UNLABELED CIPSOv4 CALIPSO
[    0.545853] NetLabel:  unlabeled traffic allowed by default
[    0.545855] PCI: Using ACPI for IRQ routing
[    0.556973] PCI: pci_cache_line_size set to 64 bytes
[    0.557240] e820: reserve RAM buffer [mem 0x0009f000-0x0009ffff]
[    0.557243] e820: reserve RAM buffer [mem 0x66a2a000-0x67ffffff]
[    0.557245] e820: reserve RAM buffer [mem 0x6a5b7000-0x6bffffff]
[    0.557247] e820: reserve RAM buffer [mem 0x6fc50000-0x6fffffff]
[    0.557249] e820: reserve RAM buffer [mem 0x107e800000-0x107fffffff]
[    0.557286] pci 0000:00:02.0: vgaarb: setting as boot VGA device
[    0.557286] pci 0000:00:02.0: vgaarb: bridge control possible
[    0.557286] pci 0000:00:02.0: vgaarb: VGA device added: decodes=io+mem,owns=mem,locks=none
[    0.557286] pci 0000:01:00.0: vgaarb: bridge control possible
[    0.557286] pci 0000:01:00.0: vgaarb: VGA device added: decodes=io+mem,owns=none,locks=none
[    0.557286] vgaarb: loaded
[    0.557527] clocksource: Switched to clocksource tsc-early
[    0.558309] VFS: Disk quotas dquot_6.6.0
[    0.558330] VFS: Dquot-cache hash table entries: 512 (order 0, 4096 bytes)
[    0.558452] pnp: PnP ACPI init
[    0.558855] system 00:00: [io  0x1800-0x18fe] has been reserved
[    0.558865] system 00:00: [mem 0xfd000000-0xfd69ffff] has been reserved
[    0.558868] system 00:00: [mem 0xfd6c0000-0xfd6cffff] has been reserved
[    0.558872] system 00:00: [mem 0xfd6f0000-0xfdffffff] has been reserved
[    0.558874] system 00:00: [mem 0xfe000000-0xfe01ffff] could not be reserved
[    0.558877] system 00:00: [mem 0xfe200000-0xfe7fffff] has been reserved
[    0.558879] system 00:00: [mem 0xff000000-0xffffffff] has been reserved
[    0.559308] system 00:01: [io  0x2000-0x20fe] has been reserved
[    0.559914] system 00:02: [io  0x0680-0x069f] has been reserved
[    0.559918] system 00:02: [io  0x164e-0x164f] has been reserved
[    0.560078] system 00:03: [io  0x1854-0x1857] has been reserved
[    0.560215] system 00:06: [io  0x1800-0x189f] could not be reserved
[    0.560219] system 00:06: [io  0x0800-0x087f] has been reserved
[    0.560221] system 00:06: [io  0x0880-0x08ff] has been reserved
[    0.560223] system 00:06: [io  0x0900-0x097f] has been reserved
[    0.560225] system 00:06: [io  0x0980-0x09ff] has been reserved
[    0.560227] system 00:06: [io  0x0a00-0x0a7f] has been reserved
[    0.560229] system 00:06: [io  0x0a80-0x0aff] has been reserved
[    0.560231] system 00:06: [io  0x0b00-0x0b7f] has been reserved
[    0.560233] system 00:06: [io  0x0b80-0x0bff] has been reserved
[    0.560235] system 00:06: [io  0x15e0-0x15ef] has been reserved
[    0.560238] system 00:06: [io  0x1600-0x167f] could not be reserved
[    0.560240] system 00:06: [io  0x1640-0x165f] could not be reserved
[    0.560243] system 00:06: [mem 0xf0000000-0xf7ffffff] has been reserved
[    0.560246] system 00:06: [mem 0xfed10000-0xfed13fff] has been reserved
[    0.560248] system 00:06: [mem 0xfed18000-0xfed18fff] has been reserved
[    0.560251] system 00:06: [mem 0xfed19000-0xfed19fff] has been reserved
[    0.560253] system 00:06: [mem 0xfeb00000-0xfebfffff] has been reserved
[    0.560255] system 00:06: [mem 0xfed20000-0xfed3ffff] has been reserved
[    0.560258] system 00:06: [mem 0xfed90000-0xfed93fff] has been reserved
[    0.560656] system 00:07: [mem 0xfed10000-0xfed17fff] could not be reserved
[    0.560661] system 00:07: [mem 0xfed18000-0xfed18fff] has been reserved
[    0.560663] system 00:07: [mem 0xfed19000-0xfed19fff] has been reserved
[    0.560666] system 00:07: [mem 0xf0000000-0xf7ffffff] has been reserved
[    0.560669] system 00:07: [mem 0xfed20000-0xfed3ffff] has been reserved
[    0.560672] system 00:07: [mem 0xfed90000-0xfed93fff] has been reserved
[    0.560674] system 00:07: [mem 0xfed45000-0xfed8ffff] has been reserved
[    0.560677] system 00:07: [mem 0xfee00000-0xfeefffff] has been reserved
[    0.560924] system 00:08: [mem 0xfe038000-0xfe038fff] has been reserved
[    0.561244] pnp 00:09: disabling [mem 0x000c0000-0x000c3fff] because it overlaps 0000:00:02.0 BAR 6 [mem 0x000c0000-0x000dffff]
[    0.561248] pnp 00:09: disabling [mem 0x000c8000-0x000cbfff] because it overlaps 0000:00:02.0 BAR 6 [mem 0x000c0000-0x000dffff]
[    0.561251] pnp 00:09: disabling [mem 0x000d0000-0x000d3fff] because it overlaps 0000:00:02.0 BAR 6 [mem 0x000c0000-0x000dffff]
[    0.561254] pnp 00:09: disabling [mem 0x000d8000-0x000dbfff] because it overlaps 0000:00:02.0 BAR 6 [mem 0x000c0000-0x000dffff]
[    0.561290] system 00:09: [mem 0x00000000-0x0009ffff] could not be reserved
[    0.561293] system 00:09: [mem 0x000e0000-0x000e3fff] could not be reserved
[    0.561295] system 00:09: [mem 0x000e8000-0x000ebfff] could not be reserved
[    0.561297] system 00:09: [mem 0x000f0000-0x000fffff] could not be reserved
[    0.561300] system 00:09: [mem 0x00100000-0x7d7fffff] could not be reserved
[    0.561302] system 00:09: [mem 0xfec00000-0xfed3ffff] could not be reserved
[    0.561305] system 00:09: [mem 0xfed4c000-0xffffffff] could not be reserved
[    0.561408] pnp: PnP ACPI: found 10 devices
[    0.567694] clocksource: acpi_pm: mask: 0xffffff max_cycles: 0xffffff, max_idle_ns: 2085701024 ns
[    0.567815] NET: Registered PF_INET protocol family
[    0.568017] IP idents hash table entries: 262144 (order: 9, 2097152 bytes, linear)
[    0.585986] tcp_listen_portaddr_hash hash table entries: 32768 (order: 7, 524288 bytes, linear)
[    0.586065] Table-perturb hash table entries: 65536 (order: 6, 262144 bytes, linear)
[    0.586430] TCP established hash table entries: 524288 (order: 10, 4194304 bytes, linear)
[    0.587255] TCP bind hash table entries: 65536 (order: 9, 2097152 bytes, linear)
[    0.587610] TCP: Hash tables configured (established 524288 bind 65536)
[    0.587860] MPTCP token hash table entries: 65536 (order: 8, 1572864 bytes, linear)
[    0.588142] UDP hash table entries: 32768 (order: 8, 1048576 bytes, linear)
[    0.588366] UDP-Lite hash table entries: 32768 (order: 8, 1048576 bytes, linear)
[    0.588566] NET: Registered PF_UNIX/PF_LOCAL protocol family
[    0.588581] NET: Registered PF_XDP protocol family
[    0.588587] pci 0000:01:00.0: ROM [mem 0xfff80000-0xffffffff pref]: can't claim; no compatible bridge window
[    0.588597] pci 0000:05:01.0: bridge window [io  0x1000-0x0fff] to [bus 07-2b] add_size 1000
[    0.588602] pci 0000:05:04.0: bridge window [io  0x1000-0x0fff] to [bus 2d-51] add_size 1000
[    0.588606] pci 0000:04:00.0: bridge window [io  0x1000-0x0fff] to [bus 05-51] add_size 2000
[    0.588608] pci 0000:00:1c.0: bridge window [io  0x1000-0x0fff] to [bus 04-51] add_size 3000
[    0.588620] pci 0000:00:1c.0: bridge window [io  0x5000-0x7fff]: assigned
[    0.588625] pci 0000:01:00.0: ROM [mem 0xae080000-0xae0fffff pref]: assigned
[    0.588628] pci 0000:00:01.0: PCI bridge to [bus 01]
[    0.588631] pci 0000:00:01.0:   bridge window [io  0x3000-0x3fff]
[    0.588635] pci 0000:00:01.0:   bridge window [mem 0xad000000-0xae0fffff]
[    0.588638] pci 0000:00:01.0:   bridge window [mem 0x80000000-0x91ffffff 64bit pref]
[    0.588644] pci 0000:04:00.0: bridge window [io  0x5000-0x6fff]: assigned
[    0.588648] pci 0000:05:01.0: bridge window [io  0x5000-0x5fff]: assigned
[    0.588650] pci 0000:05:04.0: bridge window [io  0x6000-0x6fff]: assigned
[    0.588652] pci 0000:05:00.0: PCI bridge to [bus 06]
[    0.588661] pci 0000:05:00.0:   bridge window [mem 0xac100000-0xac1fffff]
[    0.588671] pci 0000:05:01.0: PCI bridge to [bus 07-2b]
[    0.588674] pci 0000:05:01.0:   bridge window [io  0x5000-0x5fff]
[    0.588680] pci 0000:05:01.0:   bridge window [mem 0xa0100000-0xac0fffff]
[    0.588685] pci 0000:05:01.0:   bridge window [mem 0x6020000000-0x603fffffff 64bit pref]
[    0.588692] pci 0000:05:02.0: PCI bridge to [bus 2c]
[    0.588698] pci 0000:05:02.0:   bridge window [mem 0xa0000000-0xa00fffff]
[    0.588707] pci 0000:05:04.0: PCI bridge to [bus 2d-51]
[    0.588710] pci 0000:05:04.0:   bridge window [io  0x6000-0x6fff]
[    0.588716] pci 0000:05:04.0:   bridge window [mem 0x94000000-0x9fffffff]
[    0.588721] pci 0000:05:04.0:   bridge window [mem 0x6000000000-0x601fffffff 64bit pref]
[    0.588728] pci 0000:04:00.0: PCI bridge to [bus 05-51]
[    0.588731] pci 0000:04:00.0:   bridge window [io  0x5000-0x6fff]
[    0.588736] pci 0000:04:00.0:   bridge window [mem 0x94000000-0xac1fffff]
[    0.588741] pci 0000:04:00.0:   bridge window [mem 0x6000000000-0x603fffffff 64bit pref]
[    0.588748] pci 0000:00:1c.0: PCI bridge to [bus 04-51]
[    0.588750] pci 0000:00:1c.0:   bridge window [io  0x5000-0x7fff]
[    0.588755] pci 0000:00:1c.0:   bridge window [mem 0x94000000-0xac1fffff]
[    0.588758] pci 0000:00:1c.0:   bridge window [mem 0x6000000000-0x603fffffff 64bit pref]
[    0.588764] pci 0000:00:1c.7: PCI bridge to [bus 54]
[    0.588768] pci 0000:00:1c.7:   bridge window [mem 0xae200000-0xae2fffff]
[    0.588775] pci 0000:00:1d.0: PCI bridge to [bus 55]
[    0.588783] pci 0000:00:1d.0:   bridge window [mem 0xae100000-0xae1fffff]
[    0.588791] pci_bus 0000:00: resource 4 [io  0x0000-0x0cf7 window]
[    0.588794] pci_bus 0000:00: resource 5 [io  0x0d00-0xffff window]
[    0.588796] pci_bus 0000:00: resource 6 [mem 0x000a0000-0x000bffff window]
[    0.588798] pci_bus 0000:00: resource 7 [mem 0x7d800000-0xefffffff window]
[    0.588800] pci_bus 0000:00: resource 8 [mem 0x4000000000-0x7fffffffff window]
[    0.588803] pci_bus 0000:00: resource 9 [mem 0xfc800000-0xfe7fffff window]
[    0.588805] pci_bus 0000:01: resource 0 [io  0x3000-0x3fff]
[    0.588807] pci_bus 0000:01: resource 1 [mem 0xad000000-0xae0fffff]
[    0.588809] pci_bus 0000:01: resource 2 [mem 0x80000000-0x91ffffff 64bit pref]
[    0.588811] pci_bus 0000:04: resource 0 [io  0x5000-0x7fff]
[    0.588813] pci_bus 0000:04: resource 1 [mem 0x94000000-0xac1fffff]
[    0.588815] pci_bus 0000:04: resource 2 [mem 0x6000000000-0x603fffffff 64bit pref]
[    0.588818] pci_bus 0000:05: resource 0 [io  0x5000-0x6fff]
[    0.588819] pci_bus 0000:05: resource 1 [mem 0x94000000-0xac1fffff]
[    0.588821] pci_bus 0000:05: resource 2 [mem 0x6000000000-0x603fffffff 64bit pref]
[    0.588824] pci_bus 0000:06: resource 1 [mem 0xac100000-0xac1fffff]
[    0.588826] pci_bus 0000:07: resource 0 [io  0x5000-0x5fff]
[    0.588828] pci_bus 0000:07: resource 1 [mem 0xa0100000-0xac0fffff]
[    0.588830] pci_bus 0000:07: resource 2 [mem 0x6020000000-0x603fffffff 64bit pref]
[    0.588832] pci_bus 0000:2c: resource 1 [mem 0xa0000000-0xa00fffff]
[    0.588834] pci_bus 0000:2d: resource 0 [io  0x6000-0x6fff]
[    0.588836] pci_bus 0000:2d: resource 1 [mem 0x94000000-0x9fffffff]
[    0.588838] pci_bus 0000:2d: resource 2 [mem 0x6000000000-0x601fffffff 64bit pref]
[    0.588840] pci_bus 0000:54: resource 1 [mem 0xae200000-0xae2fffff]
[    0.588842] pci_bus 0000:55: resource 1 [mem 0xae100000-0xae1fffff]
[    0.589493] pci 0000:01:00.1: extending delay after power-on from D3hot to 20 msec
[    0.589543] pci 0000:01:00.1: D0 power state depends on 0000:01:00.0
[    0.590278] PCI: CLS 0 bytes, default 64
[    0.590317] PCI-DMA: Using software bounce buffering for IO (SWIOTLB)
[    0.590319] software IO TLB: mapped [mem 0x0000000061347000-0x0000000065347000] (64MB)
[    0.590403] Trying to unpack rootfs image as initramfs...
[    0.590425] platform rtc_cmos: registered platform RTC device (no PNP device found)
[    0.590436] sgx: EPC section 0x70200000-0x75ffffff
[    0.619582] Initialise system trusted keyrings
[    0.619665] workingset: timestamp_bits=40 max_order=24 bucket_order=0
[    0.637653] Key type asymmetric registered
[    0.637657] Asymmetric key parser 'x509' registered
[    0.637690] Block layer SCSI generic (bsg) driver version 0.4 loaded (major 251)
[    0.637761] io scheduler mq-deadline registered
[    0.637763] io scheduler kyber registered
[    0.638873] pcieport 0000:00:01.0: PME: Signaling with IRQ 120
[    0.639020] pcieport 0000:00:1c.0: PME: Signaling with IRQ 121
[    0.639052] pcieport 0000:00:1c.0: pciehp: Slot #0 AttnBtn- PwrCtrl- MRL- AttnInd- PwrInd- HotPlug+ Surprise+ Interlock- NoCompl+ IbPresDis- LLActRep+
[    0.639445] pcieport 0000:00:1c.7: PME: Signaling with IRQ 122
[    0.639738] pcieport 0000:00:1d.0: PME: Signaling with IRQ 123
[    0.640345] pcieport 0000:05:01.0: pciehp: Slot #1 AttnBtn- PwrCtrl- MRL- AttnInd- PwrInd- HotPlug+ Surprise+ Interlock- NoCompl+ IbPresDis- LLActRep+
[    0.640879] pcieport 0000:05:04.0: pciehp: Slot #4 AttnBtn- PwrCtrl- MRL- AttnInd- PwrInd- HotPlug+ Surprise+ Interlock- NoCompl+ IbPresDis- LLActRep+
[    0.641375] Monitor-Mwait will be used to enter C-1 state
[    0.641392] Monitor-Mwait will be used to enter C-2 state
[    0.641401] Monitor-Mwait will be used to enter C-3 state
[    0.644554] Serial: 8250/16550 driver, 4 ports, IRQ sharing enabled
[    0.645403] hpet_acpi_add: no address or irqs in _CRS
[    0.645437] Linux agpgart interface v0.103
[    0.645514] ACPI: bus type drm_connector registered
[    0.646900] usbcore: registered new interface driver usbserial_generic
[    0.646905] usbserial: USB Serial support registered for generic
[    0.647589] intel_pstate: Intel P-state driver initializing
[    0.648544] intel_pstate: HWP enabled
[    0.648760] simple-framebuffer simple-framebuffer.0: [drm] Registered 1 planes with drm panic
[    0.648763] [drm] Initialized simpledrm 1.0.0 for simple-framebuffer.0 on minor 0
[    0.656977] fbcon: Deferring console take-over
[    0.656989] simple-framebuffer simple-framebuffer.0: [drm] fb0: simpledrmdrmfb frame buffer device
[    0.657159] drop_monitor: Initializing network drop monitor service
[    0.657275] NET: Registered PF_INET6 protocol family
[    0.673988] Freeing initrd memory: 26804K
[    0.674874] Segment Routing with IPv6
[    0.674891] In-situ OAM (IOAM) with IPv6
[    0.676162] ENERGY_PERF_BIAS: Set to 'normal', was 'performance'
[    0.676820] microcode: Current revision: 0x000000fc
[    0.676823] microcode: Updated early from: 0x000000ea
[    0.677293] IPI shorthand broadcast: enabled
[    0.678756] sched_clock: Marking stable (671000783, 7387434)->(718423125, -40034908)
[    0.679018] registered taskstats version 1
[    0.679160] Loading compiled-in X.509 certificates
[    0.682301] Demotion targets for Node 0: null
[    0.682472] Key type .fscrypt registered
[    0.682474] Key type fscrypt-provisioning registered
[    0.682606] PM:   Magic number: 14:462:35
[    0.685457] RAS: Correctable Errors collector initialized.
[    0.693935] clk: Disabling unused clocks
[    0.693938] PM: genpd: Disabling unused power domains
[    0.695251] Freeing unused decrypted memory: 2028K
[    0.695711] Freeing unused kernel image (initmem) memory: 3256K
[    0.695723] Write protecting the kernel read-only data: 30720k
[    0.696568] Freeing unused kernel image (rodata/data gap) memory: 1864K
[    0.707382] x86/mm: Checked W+X mappings: passed, no W+X pages found.
[    0.707391] Run /init as init process
[    0.707392]   with arguments:
[    0.707393]     /init
[    0.707414]   with environment:
[    0.707415]     HOME=/
[    0.707415]     TERM=linux
[    0.709889] fbcon: Taking over console
[    0.713942] Console: switching to colour frame buffer device 240x67
[    0.732301] stage-1-init: [Wed Jun 24 16:01:19 UTC 2026] loading module i915...
[    1.175880] i915 0000:00:02.0: enabling device (0006 -> 0007)
[    1.176092] i915 0000:00:02.0: [drm] Found COMETLAKE (device ID 9bf6) display version 9.00 stepping N/A
[    1.195607] Console: switching to colour dummy device 80x25
[    1.206231] i915 0000:00:02.0: vgaarb: deactivate vga console
[    1.207911] i915 0000:00:02.0: vgaarb: VGA decodes changed: olddecodes=io+mem,decodes=none:owns=mem
[    1.208504] i915 0000:00:02.0: [drm] Finished loading DMC firmware i915/kbl_dmc_ver1_04.bin (v1.4)
[    1.270788] [drm] Initialized i915 1.6.0 for 0000:00:02.0 on minor 1
[    1.271766] ACPI: video: [Firmware Bug]: ACPI(PEGP) defines _DOD but not _DOS
[    1.271915] ACPI: video: Video Device [PEGP] (multi-head: yes  rom: yes  post: no)
[    1.272157] input: Video Bus as /devices/LNXSYSTM:00/LNXSYBUS:00/PNP0A08:00/device:00/LNXVIDEO:00/input/input0
[    1.276319] ACPI: video: Video Device [GFX0] (multi-head: yes  rom: no  post: no)
[    1.276693] input: Video Bus as /devices/LNXSYSTM:00/LNXSYBUS:00/PNP0A08:00/LNXVIDEO:01/input/input1
[    1.295302] fbcon: i915drmfb (fb0) is primary device
[    1.616796] tsc: Refined TSC clocksource calibration: 2808.003 MHz
[    1.616814] clocksource: tsc: mask: 0xffffffffffffffff max_cycles: 0x2879c8bd2ec, max_idle_ns: 440795270831 ns
[    1.616903] clocksource: Switched to clocksource tsc
[    2.570788] Console: switching to colour frame buffer device 240x67
[    2.595466] i915 0000:00:02.0: [drm] fb0: i915drmfb frame buffer device
[    2.613945] stage-1-init: [Wed Jun 24 16:01:21 UTC 2026] loading module dm-snapshot...
[    2.628337] device-mapper: ioctl: 4.48.0-ioctl (2023-03-01) initialised: dm-devel@lists.linux.dev
[    2.637495] stage-1-init: [Wed Jun 24 16:01:21 UTC 2026] loading module dm_mod...
[    2.638849] stage-1-init: [Wed Jun 24 16:01:21 UTC 2026] running udev...
[    2.651571] stage-1-init: [Wed Jun 24 16:01:21 UTC 2026] Starting systemd-udevd version 257.2
[    2.722169] i8042: PNP: PS/2 Controller [PNP0303:KBD,PNP0f13:MOU] at 0x60,0x64 irq 1,12
[    2.724039] serio: i8042 KBD port at 0x60,0x64 irq 1
[    2.724051] serio: i8042 AUX port at 0x60,0x64 irq 12
[    2.734435] rtsx_pci 0000:54:00.0: enabling device (0000 -> 0002)
[    2.735053] cryptd: max_cpu_qlen set to 1000
[    2.740733] AES CTR mode by8 optimization enabled
[    2.758753] nvme nvme0: pci function 0000:55:00.0
[    2.758928] xhci_hcd 0000:00:14.0: xHCI Host Controller
[    2.758941] xhci_hcd 0000:00:14.0: new USB bus registered, assigned bus number 1
[    2.760048] xhci_hcd 0000:00:14.0: hcc params 0x200077c1 hci version 0x110 quirks 0x0000000000009810
[    2.760335] xhci_hcd 0000:00:14.0: xHCI Host Controller
[    2.760341] xhci_hcd 0000:00:14.0: new USB bus registered, assigned bus number 2
[    2.760346] xhci_hcd 0000:00:14.0: Host supports USB 3.1 Enhanced SuperSpeed
[    2.760428] usb usb1: New USB device found, idVendor=1d6b, idProduct=0002, bcdDevice= 6.12
[    2.760434] usb usb1: New USB device strings: Mfr=3, Product=2, SerialNumber=1
[    2.760436] usb usb1: Product: xHCI Host Controller
[    2.760439] usb usb1: Manufacturer: Linux 6.12.17 xhci-hcd
[    2.760441] usb usb1: SerialNumber: 0000:00:14.0
[    2.760669] hub 1-0:1.0: USB hub found
[    2.760698] hub 1-0:1.0: 16 ports detected
[    2.762764] usb usb2: New USB device found, idVendor=1d6b, idProduct=0003, bcdDevice= 6.12
[    2.762770] usb usb2: New USB device strings: Mfr=3, Product=2, SerialNumber=1
[    2.762772] usb usb2: Product: xHCI Host Controller
[    2.762774] usb usb2: Manufacturer: Linux 6.12.17 xhci-hcd
[    2.762776] usb usb2: SerialNumber: 0000:00:14.0
[    2.762908] hub 2-0:1.0: USB hub found
[    2.762931] hub 2-0:1.0: 10 ports detected
[    2.764738] xhci_hcd 0000:2c:00.0: xHCI Host Controller
[    2.764747] xhci_hcd 0000:2c:00.0: new USB bus registered, assigned bus number 3
[    2.765889] xhci_hcd 0000:2c:00.0: hcc params 0x200077c1 hci version 0x110 quirks 0x0000000200009810
[    2.766200] xhci_hcd 0000:2c:00.0: xHCI Host Controller
[    2.766205] xhci_hcd 0000:2c:00.0: new USB bus registered, assigned bus number 4
[    2.766208] xhci_hcd 0000:2c:00.0: Host supports USB 3.1 Enhanced SuperSpeed
[    2.766255] usb usb3: New USB device found, idVendor=1d6b, idProduct=0002, bcdDevice= 6.12
[    2.766259] usb usb3: New USB device strings: Mfr=3, Product=2, SerialNumber=1
[    2.766261] usb usb3: Product: xHCI Host Controller
[    2.766263] usb usb3: Manufacturer: Linux 6.12.17 xhci-hcd
[    2.766265] usb usb3: SerialNumber: 0000:2c:00.0
[    2.766386] hub 3-0:1.0: USB hub found
[    2.766425] hub 3-0:1.0: 2 ports detected
[    2.768174] usb usb4: New USB device found, idVendor=1d6b, idProduct=0003, bcdDevice= 6.12
[    2.768179] usb usb4: New USB device strings: Mfr=3, Product=2, SerialNumber=1
[    2.768181] usb usb4: Product: xHCI Host Controller
[    2.768183] usb usb4: Manufacturer: Linux 6.12.17 xhci-hcd
[    2.768185] usb usb4: SerialNumber: 0000:2c:00.0
[    2.768306] hub 4-0:1.0: USB hub found
[    2.768322] hub 4-0:1.0: 2 ports detected
[    2.772611] nvme nvme0: D3 entry latency set to 10 seconds
[    2.785202] nvme nvme0: allocated 64 MiB host memory buffer.
[    2.821623] nvme nvme0: 12/0/0 default/read/poll queues
[    2.840071]  nvme0n1: p1 p2
[    2.844466] input: AT Translated Set 2 keyboard as /devices/platform/i8042/serio0/input/input2
[    3.000510] usb 1-8: new full-speed USB device number 2 using xhci_hcd
[    3.113623] usb 1-8: device descriptor read/64, error -71
[    3.204224] mmc0: cannot verify signal voltage switch
[    3.308351] mmc0: new ultra high speed SDR104 SDXC card at address 5048
[    3.313321] mmcblk0: mmc0:5048 SC128 119 GiB
[    3.324838]  mmcblk0: p1
[    3.328485] usb 1-8: device descriptor read/64, error -71
[    3.544666] usb 1-8: new full-speed USB device number 3 using xhci_hcd
[    3.657781] usb 1-8: device descriptor read/64, error -71
[    3.873777] usb 1-8: device descriptor read/64, error -71
[    3.976831] usb usb1-port8: attempt power cycle
[    4.355675] usb 1-8: new full-speed USB device number 4 using xhci_hcd
[    4.355891] usb 1-8: Device not responding to setup address.
[    4.560774] usb 1-8: Device not responding to setup address.
[    4.768627] usb 1-8: device not accepting address 4, error -71
[    4.768859] usb 1-8: WARN: invalid context state for evaluate context command.
[    4.880649] usb 1-8: new full-speed USB device number 5 using xhci_hcd
[    4.880859] usb 1-8: Device not responding to setup address.
[    5.088900] usb 1-8: Device not responding to setup address.
[    5.296633] usb 1-8: device not accepting address 5, error -71
[    5.296864] usb 1-8: WARN: invalid context state for evaluate context command.
[    5.296976] usb usb1-port8: unable to enumerate USB device
[    5.408633] usb 1-9: new full-speed USB device number 6 using xhci_hcd
[    5.533869] usb 1-9: New USB device found, idVendor=06cb, idProduct=00bd, bcdDevice= 0.00
[    5.533884] usb 1-9: New USB device strings: Mfr=0, Product=0, SerialNumber=1
[    5.533890] usb 1-9: SerialNumber: b9db691fe407
[    5.647638] usb 1-10: new full-speed USB device number 7 using xhci_hcd
[    5.773513] usb 1-10: New USB device found, idVendor=056a, idProduct=51a0, bcdDevice= 0.03
[    5.773527] usb 1-10: New USB device strings: Mfr=1, Product=2, SerialNumber=0
[    5.773533] usb 1-10: Product: Pen and multitouch sensor
[    5.773538] usb 1-10: Manufacturer: Wacom Co.,Ltd.
[    5.782606] hid: raw HID events driver (C) Jiri Kosina
[    5.791336] usbcore: registered new interface driver usbhid
[    5.791346] usbhid: USB HID core driver
[    5.796718] input: Wacom Co.,Ltd. Pen and multitouch sensor Touchscreen as /devices/pci0000:00/0000:00:14.0/usb1/1-10/1-10:1.0/0003:056A:51A0.0001/input/input4
[    5.796784] input: Wacom Co.,Ltd. Pen and multitouch sensor as /devices/pci0000:00/0000:00:14.0/usb1/1-10/1-10:1.0/0003:056A:51A0.0001/input/input5
[    5.796851] input: Wacom Co.,Ltd. Pen and multitouch sensor Stylus as /devices/pci0000:00/0000:00:14.0/usb1/1-10/1-10:1.0/0003:056A:51A0.0001/input/input6
[    5.796910] input: Wacom Co.,Ltd. Pen and multitouch sensor as /devices/pci0000:00/0000:00:14.0/usb1/1-10/1-10:1.0/0003:056A:51A0.0001/input/input7
[    5.796967] input: Wacom Co.,Ltd. Pen and multitouch sensor Mouse as /devices/pci0000:00/0000:00:14.0/usb1/1-10/1-10:1.0/0003:056A:51A0.0001/input/input8
[    5.797243] hid-generic 0003:056A:51A0.0001: input,hiddev96,hidraw0: USB HID v1.11 Mouse [Wacom Co.,Ltd. Pen and multitouch sensor] on usb-0000:00:14.0-10/input0
[    5.887645] usb 1-14: new full-speed USB device number 8 using xhci_hcd
[    6.012964] usb 1-14: New USB device found, idVendor=8087, idProduct=0026, bcdDevice= 0.02
[    6.012978] usb 1-14: New USB device strings: Mfr=0, Product=0, SerialNumber=0
[    9.490833] stage-1-init: [Wed Jun 24 16:01:28 UTC 2026] Passphrase for /dev/disk/by-uuid/facef4d3-f328-4600-91c5-898bc3785ea3:
[   12.839674] Key type encrypted registered
[   12.902047] stage-1-init: [Wed Jun 24 16:01:31 UTC 2026] Verifying passphrase for /dev/disk/by-uuid/facef4d3-f328-4600-91c5-898bc3785ea3... - success
[   12.905614] stage-1-init: [Wed Jun 24 16:01:31 UTC 2026] starting device mapper and LVM...
[   12.907412] stage-1-init: [Wed Jun 24 16:01:31 UTC 2026] File descriptor 8 (/dev/console) leaked on lvm invocation. Parent PID 1: /nix/store/ifmbsll7v15axj60d5q3d4ilb7w42lbs-extra-utils/bin/ash
[   12.908837] stage-1-init: [Wed Jun 24 16:01:31 UTC 2026] File descriptor 9 (/dev/console) leaked on lvm invocation. Parent PID 1: /nix/store/ifmbsll7v15axj60d5q3d4ilb7w42lbs-extra-utils/bin/ash
[   13.178259] mmc0: cannot verify signal voltage switch
[   13.307727] stage-1-init: [Wed Jun 24 16:01:32 UTC 2026] 3 logical volume(s) in volume group "vg0" now active
[   13.386808] stage-1-init: [Wed Jun 24 16:01:32 UTC 2026] checking /dev/disk/by-uuid/95c5b8c6-e4f0-4202-99f0-e28cc023938b...
[   13.388648] stage-1-init: [Wed Jun 24 16:01:32 UTC 2026] fsck (busybox 1.36.1)
[   13.390629] stage-1-init: [Wed Jun 24 16:01:32 UTC 2026] [fsck.ext4 (1) -- /mnt-root/] fsck.ext4 -a /dev/disk/by-uuid/95c5b8c6-e4f0-4202-99f0-e28cc023938b
[   13.398612] stage-1-init: [Wed Jun 24 16:01:32 UTC 2026] /dev/disk/by-uuid/95c5b8c6-e4f0-4202-99f0-e28cc023938b: clean, 3241070/16384000 files, 38318246/65536000 blocks
[   13.401359] stage-1-init: [Wed Jun 24 16:01:32 UTC 2026] mounting /dev/disk/by-uuid/95c5b8c6-e4f0-4202-99f0-e28cc023938b on /...
[   13.482500] EXT4-fs (dm-2): mounted filesystem 95c5b8c6-e4f0-4202-99f0-e28cc023938b r/w with ordered data mode. Quota mode: none.
[   13.500486] EXT4-fs (dm-2): re-mounted 95c5b8c6-e4f0-4202-99f0-e28cc023938b r/w. Quota mode: none.
[   13.913470] EXT4-fs (dm-2): re-mounted 95c5b8c6-e4f0-4202-99f0-e28cc023938b r/w. Quota mode: none.
[   13.913706] booting system configuration /nix/store/c6rjgi2k3l5y5wgx57bp535d760g1nay-nixos-system-modulus-25.05.20250306.3b2d2f0
[   13.944524] stage-2-init: running activation script...
[   13.976578] stage-2-init: [agenix] creating new generation in /run/agenix.d/1
[   13.988702] stage-2-init: [agenix] decrypting secrets...
[   13.989143] stage-2-init: decrypting '/nix/store/2035gb8rn6blc491i1ipqrc8m1cn4bn2-nextdns.age' to '/run/agenix.d/1/nextdns'...
[   14.019213] stage-2-init: [agenix] symlinking new secrets to /run/agenix (generation 1)...
[   14.174637] stage-2-init: [agenix] chowning...
[   14.185323] stage-2-init: setting up /etc...
[   14.421937] systemd[1]: Inserted module 'autofs4'
[   14.498824] systemd[1]: systemd 257.2 running in system mode (+PAM +AUDIT -SELINUX +APPARMOR +IMA +IPE +SMACK +SECCOMP +GCRYPT -GNUTLS +OPENSSL +ACL +BLKID +CURL +ELFUTILS +FIDO2 +IDN2 -IDN +IPTC +KMOD +LIBCRYPTSETUP +LIBCRYPTSETUP_PLUGINS +LIBFDISK +PCRE2 +PWQUALITY +P11KIT +QRENCODE +TPM2 +BZIP2 +LZ4 +XZ +ZLIB +ZSTD +BPF_FRAMEWORK -BTF -XKBCOMMON +UTMP -SYSVINIT +LIBARCHIVE)
[   14.498832] systemd[1]: Detected architecture x86-64.
[   14.500677] systemd[1]: Hostname set to <modulus>.
[   14.610571] systemd[1]: bpf-restrict-fs: LSM BPF program attached
[   14.833274] systemd[1]: Queued start job for default target Graphical Interface.
[   14.846510] systemd[1]: Created slice Virtual Machine and Container Slice.
[   14.847803] systemd[1]: Created slice Slice /system/getty.
[   14.848598] systemd[1]: Created slice Slice /system/modprobe.
[   14.849302] systemd[1]: Created slice Slice /system/systemd-fsck.
[   14.849957] systemd[1]: Created slice User and Session Slice.
[   14.850130] systemd[1]: Started Dispatch Password Requests to Console Directory Watch.
[   14.850294] systemd[1]: Started Forward Password Requests to Wall Directory Watch.
[   14.850426] systemd[1]: Expecting device /dev/disk/by-uuid/9df7fa9a-ede4-4f65-9df4-718319b36b8c...
[   14.850540] systemd[1]: Expecting device /dev/disk/by-uuid/BF0F-3DAE...
[   14.850633] systemd[1]: Expecting device /dev/disk/by-uuid/b61b9758-efc1-4bb8-9d4c-bc807efc7e79...
[   14.850743] systemd[1]: Expecting device /dev/tpmrm0...
[   14.850830] systemd[1]: Expecting device /dev/vboxnetctl...
[   14.850917] systemd[1]: Expecting device /sys/subsystem/net/devices/vboxnet0...
[   14.851018] systemd[1]: Reached target Local Encrypted Volumes.
[   14.851130] systemd[1]: Reached target Containers.
[   14.851234] systemd[1]: Reached target Path Units.
[   14.851330] systemd[1]: Reached target Remote File Systems.
[   14.851434] systemd[1]: Reached target Slice Units.
[   14.851564] systemd[1]: Reached target libvirt guests shutdown target.
[   14.853113] systemd[1]: Listening on Process Core Dump Socket.
[   14.854154] systemd[1]: Listening on Credential Encryption/Decryption.
[   14.854530] systemd[1]: Listening on Journal Audit Socket.
[   14.854735] systemd[1]: Listening on Journal Socket (/dev/log).
[   14.854942] systemd[1]: Listening on Journal Sockets.
[   14.855156] systemd[1]: Listening on Userspace Out-Of-Memory (OOM) Killer Socket.
[   14.855326] systemd[1]: Listening on udev Control Socket.
[   14.855471] systemd[1]: Listening on udev Kernel Socket.
[   14.858520] systemd[1]: Mounting Huge Pages File System...
[   14.861858] systemd[1]: Mounting POSIX Message Queue File System...
[   14.864936] systemd[1]: Mounting Kernel Debug File System...
[   14.868771] systemd[1]: Starting Create List of Static Device Nodes...
[   14.872104] systemd[1]: Starting Load Kernel Module configfs...
[   14.875321] systemd[1]: Starting Load Kernel Module drm...
[   14.878763] systemd[1]: Starting Load Kernel Module efi_pstore...
[   14.881890] systemd[1]: Starting Load Kernel Module fuse...
[   14.885754] systemd[1]: Starting mount-pstore.service...
[   14.887847] pstore: Using crash dump compression: deflate
[   14.890400] systemd[1]: File System Check on Root Device was skipped because of an unmet condition check (ConditionPathIsReadWrite=!/).
[   14.890846] systemd[1]: Clear Stale Hibernate Storage Info was skipped because of an unmet condition check (ConditionPathExists=/sys/firmware/efi/efivars/HibernateLocation-8cf2644b-4b0b-428f-9387-6d876050dc67).
[   14.910933] systemd[1]: Starting Journal Service...
[   14.916581] pstore: Registered efi_pstore as persistent store backend
[   14.928118] fuse: init (API version 7.41)
[   14.930740] systemd[1]: Starting Load Kernel Modules...
[   14.935198] systemd[1]: Starting Userspace Out-Of-Memory (OOM) Killer...
[   14.938876] systemd[1]: Starting Remount Root and Kernel File Systems...
[   14.941875] systemd[1]: Starting Coldplug All udev Devices...
[   14.947311] systemd[1]: Mounted Huge Pages File System.
[   14.948288] systemd-journald[778]: Collecting audit messages is enabled.
[   14.950098] systemd[1]: Mounted POSIX Message Queue File System.
[   14.952845] systemd[1]: Mounted Kernel Debug File System.
[   14.955994] systemd[1]: Finished Create List of Static Device Nodes.
[   14.958823] systemd[1]: modprobe@configfs.service: Deactivated successfully.
[   14.959085] systemd[1]: Finished Load Kernel Module configfs.
[   14.961901] systemd[1]: modprobe@drm.service: Deactivated successfully.
[   14.962135] systemd[1]: Finished Load Kernel Module drm.
[   14.964380] systemd[1]: modprobe@efi_pstore.service: Deactivated successfully.
[   14.964734] systemd[1]: Finished Load Kernel Module efi_pstore.
[   14.967633] systemd[1]: modprobe@fuse.service: Deactivated successfully.
[   14.967894] systemd[1]: Finished Load Kernel Module fuse.
[   14.972571] systemd[1]: Mounting FUSE Control File System...
[   14.973074] EXT4-fs (dm-2): re-mounted 95c5b8c6-e4f0-4202-99f0-e28cc023938b r/w. Quota mode: none.
[   14.977734] systemd[1]: Mounting Kernel Configuration File System...
[   14.981988] systemd[1]: Starting Create Static Device Nodes in /dev gracefully...
[   14.987450] systemd[1]: Started Userspace Out-Of-Memory (OOM) Killer.
[   14.991604] systemd[1]: Finished Remount Root and Kernel File Systems.
[   14.995675] systemd[1]: Finished mount-pstore.service.
[   14.999004] systemd[1]: Mounted FUSE Control File System.
[   15.002148] systemd[1]: Mounted Kernel Configuration File System.
[   15.004770] systemd[1]: Platform Persistent Storage Archival was skipped because of an unmet condition check (ConditionDirectoryNotEmpty=/sys/fs/pstore).
[   15.041161] systemd[1]: Starting Load/Save OS Random Seed...
[   15.045783] systemd[1]: Started Journal Service.
[   15.077374] systemd-journald[778]: Received client request to flush runtime journal.
[   15.169356] vboxdrv: loading out-of-tree module taints kernel.
[   15.189486] vboxdrv: Found 12 processor cores/threads
[   15.206682] vboxdrv: TSC mode is Invariant, tentative frequency 2808002999 Hz
[   15.206688] vboxdrv: Successfully loaded version 7.1.6 r167084 (interface 0x00340001)
[   15.229692] input: Sleep Button as /devices/LNXSYSTM:00/LNXSYBUS:00/PNP0C0E:00/input/input9
[   15.239431] VBoxNetAdp: Successfully started.
[   15.242251] ACPI: button: Sleep Button [SLPB]
[   15.264831] input: Lid Switch as /devices/LNXSYSTM:00/LNXSYBUS:00/PNP0C0D:00/input/input10
[   15.266336] ACPI: button: Lid Switch [LID]
[   15.266592] Consider using thermal netlink events interface
[   15.277943] input: Power Button as /devices/LNXSYSTM:00/LNXPWRBN:00/input/input11
[   15.282207] ACPI: button: Power Button [PWRF]
[   15.285991] ACPI: AC: AC Adapter [AC] (on-line)
[   15.300458] VBoxNetFlt: Successfully started.
[   15.308060] intel_pch_thermal 0000:00:12.0: enabling device (0000 -> 0002)
[   15.313589] ACPI: battery: Slot [BAT0] (battery present)
[   15.319699] thermal LNXTHERM:00: registered as thermal_zone5
[   15.319705] ACPI: thermal: Thermal Zone [THM0] (34 C)
[   15.322497] serial 0000:00:16.3: enabling device (0000 -> 0003)
[   15.326068] tpm_tis STM0125:00: 2.0 TPM (device-id 0x0, rev-id 78)
[   15.327281] 0000:00:16.3: ttyS0 at I/O 0x4060 (irq = 19, base_baud = 115200) is a 16550A
[   15.361613] bridge: filtering via arp/ip/ip6tables is no longer available by default. Update your scripts to load br_netfilter if you need this.
[   15.362564] mei_me 0000:00:16.0: enabling device (0000 -> 0002)
[   15.396655] Non-volatile memory driver v1.3
[   15.397125] i801_smbus 0000:00:1f.4: SPD Write Disable is set
[   15.397179] i801_smbus 0000:00:1f.4: SMBus using PCI interrupt
[   15.399933] tun: Universal TUN/TAP device driver, 1.6
[   15.424550] rtc_cmos rtc_cmos: RTC can wake from S4
[   15.429615] i2c i2c-5: Successfully instantiated SPD at 0x50
[   15.438287] thinkpad_acpi: ThinkPad ACPI Extras v0.26
[   15.438294] thinkpad_acpi: http://ibm-acpi.sf.net/
[   15.438297] thinkpad_acpi: ThinkPad BIOS N2VET33W (1.18 ), EC N2VHT19W
[   15.438300] thinkpad_acpi: Lenovo ThinkPad P1 Gen 3, model 20TJS3ST00
[   15.439555] ACPI: bus type thunderbolt registered
[   15.441496] thunderbolt 0000:06:00.0: enabling device (0000 -> 0002)
[   15.444718] rtc_cmos rtc_cmos: registered as rtc0
[   15.444964] rtc_cmos rtc_cmos: setting system clock to 2026-06-24T16:01:34 UTC (1782316894)
[   15.445036] rtc_cmos rtc_cmos: alarms up to one month, y3k, 114 bytes nvram
[   15.510471] typec port0: bound usb1-port4 (ops connector_ops)
[   15.511606] typec port0: bound usb4-port1 (ops connector_ops)
[   15.520372] thinkpad_acpi: radio switch found; radios are enabled
[   15.520383] thinkpad_acpi: This ThinkPad has standard ACPI backlight brightness control, supported by the ACPI video driver
[   15.520385] thinkpad_acpi: Disabling thinkpad-acpi brightness events by default...
[   15.545750] resource: resource sanity check: requesting [mem 0x00000000fed10000-0x00000000fed15fff], which spans more than pnp 00:06 [mem 0xfed10000-0xfed13fff]
[   15.545762] caller snb_uncore_imc_init_box+0x87/0xe0 [intel_uncore] mapping multiple BARs
[   15.546096] proc_thermal 0000:00:04.0: enabling device (0000 -> 0002)
[   15.546275] Bluetooth: Core ver 2.22
[   15.546300] NET: Registered PF_BLUETOOTH protocol family
[   15.546303] Bluetooth: HCI device and connection manager initialized
[   15.546309] Bluetooth: HCI socket layer initialized
[   15.546313] Bluetooth: L2CAP socket layer initialized
[   15.546319] Bluetooth: SCO socket layer initialized
[   15.549575] acer_wmi: Acer Laptop ACPI-WMI Extras
[   15.559602] cfg80211: Loading compiled-in X.509 certificates for regulatory database
[   15.566381] Loaded X.509 cert 'sforshee: 00b28ddf47aef9cea7'
[   15.566692] Loaded X.509 cert 'wens: 61c038651aabdcf94bd0ac7ff06c7248db18c600'
[   15.573205] thinkpad_acpi: rfkill switch tpacpi_bluetooth_sw: radio is unblocked
[   15.574495] Bridge firewalling registered
[   15.575871] intel_rapl_common: Found RAPL domain package
[   15.575876] intel_rapl_common: Found RAPL domain dram
[   15.606592] snd_hda_intel 0000:00:1f.3: Digital mics found on Skylake+ platform, using SOF driver
[   15.606734] snd_hda_intel 0000:01:00.1: enabling device (0000 -> 0002)
[   15.609402] snd_hda_intel 0000:01:00.1: Disabling MSI
[   15.609419] snd_hda_intel 0000:01:00.1: Handle vga_switcheroo audio client
[   15.610882] RAPL PMU: API unit is 2^-32 Joules, 5 fixed counters, 655360 ms ovfl timer
[   15.610889] RAPL PMU: hw unit of domain pp0-core 2^-14 Joules
[   15.610892] RAPL PMU: hw unit of domain package 2^-14 Joules
[   15.610894] RAPL PMU: hw unit of domain dram 2^-14 Joules
[   15.610896] RAPL PMU: hw unit of domain pp1-gpu 2^-14 Joules
[   15.610898] RAPL PMU: hw unit of domain psys 2^-14 Joules
[   15.627324] intel_rapl_common: Found RAPL domain package
[   15.627331] intel_rapl_common: Found RAPL domain core
[   15.627334] intel_rapl_common: Found RAPL domain uncore
[   15.627337] intel_rapl_common: Found RAPL domain dram
[   15.627339] intel_rapl_common: Found RAPL domain psys
[   15.632906] Intel(R) Wireless WiFi driver for Linux
[   15.634837] iwlwifi 0000:00:14.3: enabling device (0000 -> 0002)
[   15.638015] mei_hdcp 0000:00:16.0-b638ab7e-94e2-4ea2-a552-d1c54b627f04: bound 0000:00:02.0 (ops i915_hdcp_ops [i915])
[   15.639436] Adding 4194300k swap on /dev/mapper/vg0-swap.  Priority:-2 extents:1 across:4194300k SS
[   15.654456] iTCO_wdt iTCO_wdt: Found a Intel PCH TCO device (Version=6, TCOBASE=0x0400)
[   15.657640] iTCO_wdt iTCO_wdt: initialized. heartbeat=30 sec (nowayout=0)
[   15.657650] input: HDA NVidia HDMI/DP,pcm=3 as /devices/pci0000:00/0000:00:01.0/0000:01:00.1/sound/card0/input14
[   15.658798] input: HDA NVidia HDMI/DP,pcm=7 as /devices/pci0000:00/0000:00:01.0/0000:01:00.1/sound/card0/input15
[   15.659948] iwlwifi 0000:00:14.3: Detected crf-id 0x3617, cnv-id 0x20000302 wfpm id 0x80000000
[   15.659965] iwlwifi 0000:00:14.3: PCI dev 06f0/0070, rev=0x351, rfid=0x10a100
[   15.659970] iwlwifi 0000:00:14.3: Detected Intel(R) Wi-Fi 6 AX201 160MHz
[   15.660479] nvidia: module license 'NVIDIA' taints kernel.
[   15.660484] Disabling lock debugging due to kernel taint
[   15.660491] nvidia: module license taints kernel.
[   15.664093] input: HDA NVidia HDMI/DP,pcm=8 as /devices/pci0000:00/0000:00:01.0/0000:01:00.1/sound/card0/input16
[   15.664379] input: HDA NVidia HDMI/DP,pcm=9 as /devices/pci0000:00/0000:00:01.0/0000:01:00.1/sound/card0/input17
[   15.677128] wacom 0003:056A:51A0.0001: hidraw0: USB HID v1.11 Mouse [Wacom Co.,Ltd. Pen and multitouch sensor] on usb-0000:00:14.0-10/input0
[   15.683650] iwlwifi 0000:00:14.3: TLV_FW_FSEQ_VERSION: FSEQ Version: 89.3.35.37
[   15.684485] iwlwifi 0000:00:14.3: loaded firmware version 77.b405f9d4.0 QuZ-a0-hr-b0-77.ucode op_mode iwlmvm
[   15.688801] usb 1-8: new full-speed USB device number 9 using xhci_hcd
[   15.693947] input: Wacom Pen and multitouch sensor Pen as /devices/pci0000:00/0000:00:14.0/usb1/1-10/1-10:1.0/0003:056A:51A0.0001/input/input18
[   15.694189] input: Wacom Pen and multitouch sensor Finger as /devices/pci0000:00/0000:00:14.0/usb1/1-10/1-10:1.0/0003:056A:51A0.0001/input/input19
[   15.703892] pps_core: LinuxPPS API ver. 1 registered
[   15.703896] pps_core: Software ver. 5.3.6 - Copyright 2005-2007 Rodolfo Giometti <giometti@linux.it>
[   15.712226] ee1004 5-0050: 512 byte EE1004-compliant SPD EEPROM, read-only
[   15.714217] PTP clock support registered
[   15.729031] usbcore: registered new interface driver btusb
[   15.730083] mousedev: PS/2 mouse device common for all mice
[   15.730676] Creating 1 MTD partitions on "0000:00:1f.5":
[   15.730683] 0x000000000000-0x000002000000 : "BIOS"
[   15.731227] Bluetooth: hci0: Bootloader revision 0.4 build 0 week 30 2018
[   15.732798] Bluetooth: hci0: Device revision is 2
[   15.732803] Bluetooth: hci0: Secure boot is enabled
[   15.732804] Bluetooth: hci0: OTP lock is enabled
[   15.732806] Bluetooth: hci0: API lock is enabled
[   15.732807] Bluetooth: hci0: Debug lock is disabled
[   15.732808] Bluetooth: hci0: Minimum firmware build 1 week 10 2014
[   15.747251] Bluetooth: hci0: Found device firmware: intel/ibt-19-0-4.sfi
[   15.747414] Bluetooth: hci0: Boot Address: 0x24800
[   15.747418] Bluetooth: hci0: Firmware Version: 132-3.24
[   15.756258] loop: module loaded
[   15.801439] usb 1-8: device descriptor read/64, error -71
[   15.821136] thinkpad_acpi: secondary fan control detected & enabled
[   15.846107] thinkpad_acpi: battery 1 registered (start 0, stop 100, behaviours: 0x7)
[   15.846136] ACPI: battery: new extension: ThinkPad Battery Extension
[   15.885559] input: ThinkPad Extra Buttons as /devices/platform/thinkpad_acpi/input/input12
[   15.905438] thinkpad_acpi: unhandled HKEY event 0x0001
[   15.905444] thinkpad_acpi: please report the conditions when this event happened to ibm-acpi-devel@lists.sourceforge.net
[   15.983703] EXT4-fs (dm-3): mounted filesystem 9df7fa9a-ede4-4f65-9df4-718319b36b8c r/w with ordered data mode. Quota mode: none.
[   15.991877] typec port1: bound usb1-port5 (ops connector_ops)
[   15.991888] typec port1: bound usb4-port2 (ops connector_ops)
[   16.016674] usb 1-8: device descriptor read/64, error -71
[   16.235425] usb 1-8: new full-speed USB device number 10 using xhci_hcd
[   16.264380] nvidia-nvlink: Nvlink Core is being initialized, major device number 234

[   16.267263] nvidia 0000:01:00.0: enabling device (0006 -> 0007)
[   16.270564] nvidia 0000:01:00.0: vgaarb: VGA decodes changed: olddecodes=io+mem,decodes=none:owns=none
[   16.314831] intel_tcc_cooling: Programmable TCC Offset detected
[   16.322480] NVRM: loading NVIDIA UNIX x86_64 Kernel Module  570.124.04  Tue Feb 25 04:12:12 UTC 2025
[   16.349647] usb 1-8: device descriptor read/64, error -71
[   16.349947] intel_pmc_core intel_pmc_core.0:  initialized
[   16.363469] psmouse serio1: synaptics: queried max coordinates: x [..5678], y [..4690]
[   16.392752] psmouse serio1: synaptics: queried min coordinates: x [1266..], y [1160..]
[   16.392764] psmouse serio1: synaptics: Trying to set up SMBus access
[   16.404421] sof-audio-pci-intel-cnl 0000:00:1f.3: enabling device (0004 -> 0006)
[   16.407088] sof-audio-pci-intel-cnl 0000:00:1f.3: DSP detected with PCI class/subclass/prog-if 0x040100
[   16.407169] sof-audio-pci-intel-cnl 0000:00:1f.3: bound 0000:00:02.0 (ops i915_audio_component_bind_ops [i915])
[   16.413577] sof-audio-pci-intel-cnl 0000:00:1f.3: use msi interrupt mode
[   16.422024] nvidia_uvm: module uses symbols nvUvmInterfaceDisableAccessCntr from proprietary module nvidia, inheriting taint.
[   16.439082] rmi4_smbus 5-002c: registering SMbus-connected sensor
[   16.487033] iwlwifi 0000:00:14.3: Detected RF HR B3, rfid=0x10a100
[   16.537070] rmi4_f01 rmi4-00.fn01: found RMI device, manufacturer: Synaptics, product: TM3625-010, fw id: 3201855
[   16.553336] iwlwifi 0000:00:14.3: base HW address: 4c:79:6e:8a:0d:3b
[   16.568459] usb 1-8: device descriptor read/64, error -71
[   16.609754] input: Synaptics TM3625-010 as /devices/pci0000:00/0000:00:1f.4/i2c-5/5-002c/rmi4-00/input/input21
[   16.619449] serio: RMI4 PS/2 pass-through port at rmi4-00.fn03
[   16.647636] nvidia-uvm: Loaded the UVM driver, major device number 510.
[   16.657979] sof-audio-pci-intel-cnl 0000:00:1f.3: hda codecs found, mask 5
[   16.657986] sof-audio-pci-intel-cnl 0000:00:1f.3: using HDA machine driver skl_hda_dsp_generic now
[   16.657989] sof-audio-pci-intel-cnl 0000:00:1f.3: BT link detected in NHLT tables: 0x0
[   16.657992] sof-audio-pci-intel-cnl 0000:00:1f.3: DMICs detected in NHLT tables: 2
[   16.659909] iwlwifi 0000:00:14.3 wlp0s20f3: renamed from wlan0
[   16.666920] sof-audio-pci-intel-cnl 0000:00:1f.3: Firmware paths/files for ipc type 0:
[   16.666927] sof-audio-pci-intel-cnl 0000:00:1f.3:  Firmware file:     intel/sof/sof-cml.ri
[   16.666929] sof-audio-pci-intel-cnl 0000:00:1f.3:  Topology file:     intel/sof-tplg/sof-hda-generic-2ch.tplg
[   16.668452] nvidia-modeset: Loading NVIDIA Kernel Mode Setting Driver for UNIX platforms  570.124.04  Tue Feb 25 03:39:21 UTC 2025
[   16.671394] sof-audio-pci-intel-cnl 0000:00:1f.3: Firmware info: version 2:2:0-57864
[   16.671402] sof-audio-pci-intel-cnl 0000:00:1f.3: Firmware: ABI 3:22:1 Kernel ABI 3:23:1
[   16.671413] sof-audio-pci-intel-cnl 0000:00:1f.3: unknown sof_ext_man header type 3 size 0x30
[   16.673603] usb usb1-port8: attempt power cycle
[   16.680549] [drm] [nvidia-drm] [GPU ID 0x00000100] Loading driver
[   16.766678] psmouse serio2: trackpoint: Elan TrackPoint firmware: 0x11, buttons: 3/3
[   16.780170] sof-audio-pci-intel-cnl 0000:00:1f.3: Firmware info: version 2:2:0-57864
[   16.780176] sof-audio-pci-intel-cnl 0000:00:1f.3: Firmware: ABI 3:22:1 Kernel ABI 3:23:1
[   16.790592] sof-audio-pci-intel-cnl 0000:00:1f.3: Topology: ABI 3:22:1 Kernel ABI 3:23:1
[   16.790952] skl_hda_dsp_generic skl_hda_dsp_generic: ASoC: Parent card not yet available, widget card binding deferred
[   16.803337] snd_hda_codec_realtek ehdaudio0D0: autoconfig for ALC285: line_outs=1 (0x14/0x0/0x0/0x0/0x0) type:speaker
[   16.803343] snd_hda_codec_realtek ehdaudio0D0:    speaker_outs=0 (0x0/0x0/0x0/0x0/0x0)
[   16.803347] snd_hda_codec_realtek ehdaudio0D0:    hp_outs=1 (0x21/0x0/0x0/0x0/0x0)
[   16.803349] snd_hda_codec_realtek ehdaudio0D0:    mono: mono_out=0x0
[   16.803351] snd_hda_codec_realtek ehdaudio0D0:    inputs:
[   16.803353] snd_hda_codec_realtek ehdaudio0D0:      Mic=0x19
[   16.804867] input: TPPS/2 Elan TrackPoint as /devices/pci0000:00/0000:00:1f.4/i2c-5/5-002c/rmi4-00/rmi4-00.fn03/serio2/input/input22
[   17.051417] usb 1-8: new full-speed USB device number 11 using xhci_hcd
[   17.051522] usb 1-8: Device not responding to setup address.
[   17.256518] usb 1-8: Device not responding to setup address.
[   17.418936] Bluetooth: hci0: Waiting for firmware download to complete
[   17.419760] Bluetooth: hci0: Firmware loaded in 1633301 usecs
[   17.419814] Bluetooth: hci0: Waiting for device to boot
[   17.434794] Bluetooth: hci0: Device booted in 14645 usecs
[   17.439284] Bluetooth: hci0: Found Intel DDC parameters: intel/ibt-19-0-4.ddc
[   17.440847] Bluetooth: hci0: Applying Intel DDC parameters completed
[   17.441851] Bluetooth: hci0: Firmware revision 0.4 build 132 week 3 2024
[   17.443860] Bluetooth: hci0: HCI LE Coded PHY feature bit is set, but its usage is not supported.
[   17.464421] usb 1-8: device not accepting address 11, error -71
[   17.466184] input: sof-hda-dsp Mic as /devices/pci0000:00/0000:00:1f.3/skl_hda_dsp_generic/sound/card1/input23
[   17.466518] usb 1-8: WARN: invalid context state for evaluate context command.
[   17.466565] input: sof-hda-dsp Headphone as /devices/pci0000:00/0000:00:1f.3/skl_hda_dsp_generic/sound/card1/input24
[   17.466643] input: sof-hda-dsp HDMI/DP,pcm=3 as /devices/pci0000:00/0000:00:1f.3/skl_hda_dsp_generic/sound/card1/input25
[   17.466714] input: sof-hda-dsp HDMI/DP,pcm=4 as /devices/pci0000:00/0000:00:1f.3/skl_hda_dsp_generic/sound/card1/input26
[   17.466774] input: sof-hda-dsp HDMI/DP,pcm=5 as /devices/pci0000:00/0000:00:1f.3/skl_hda_dsp_generic/sound/card1/input27
[   17.580405] usb 1-8: new full-speed USB device number 12 using xhci_hcd
[   17.580514] usb 1-8: Device not responding to setup address.
[   17.784603] usb 1-8: Device not responding to setup address.
[   17.992424] usb 1-8: device not accepting address 12, error -71
[   17.993806] usb 1-8: WARN: invalid context state for evaluate context command.
[   17.993897] usb usb1-port8: unable to enumerate USB device
[   18.137003] [drm] Initialized nvidia-drm 0.0.0 for 0000:01:00.0 on minor 0
[   18.137204] nvidia 0000:01:00.0: [drm] Cannot find any crtc or sizes
[   18.492803] Bluetooth: BNEP (Ethernet Emulation) ver 1.3
[   18.492810] Bluetooth: BNEP socket layer initialized
[   18.494109] Bluetooth: MGMT ver 1.23
[   18.498759] NET: Registered PF_ALG protocol family
[   18.635637] warning: `DCon01' uses wireless extensions which will stop working for Wi-Fi 7 hardware; use nl80211
[   18.846955] iwlwifi 0000:00:14.3: Registered PHC clock: iwlwifi-PTP, with index: 0
[   19.172514] NET: Registered PF_PACKET protocol family
[   22.406154] wlp0s20f3: authenticate with c8:9e:43:69:26:61 (local address=4c:79:6e:8a:0d:3b)
[   22.407223] wlp0s20f3: send auth to c8:9e:43:69:26:61 (try 1/3)
[   22.435457] wlp0s20f3: authenticated
[   22.436445] wlp0s20f3: associate with c8:9e:43:69:26:61 (try 1/3)
[   22.544625] wlp0s20f3: associate with c8:9e:43:69:26:61 (try 2/3)
[   22.596948] wlp0s20f3: RX AssocResp from c8:9e:43:69:26:61 (capab=0x1511 status=0 aid=3)
[   22.604279] wlp0s20f3: associated
[   22.633627] wlp0s20f3: Limiting TX power to 27 (30 - 3) dBm as advertised by c8:9e:43:69:26:61
[   25.125708] Initializing XFRM netlink socket
[   35.511709] wlp0s20f3: disconnect from AP c8:9e:43:69:26:61 for new auth to 6c:cd:d6:14:50:45
[   35.556425] wlp0s20f3: authenticate with 6c:cd:d6:14:50:45 (local address=4c:79:6e:8a:0d:3b)
[   35.557544] wlp0s20f3: send auth to 6c:cd:d6:14:50:45 (try 1/3)
[   35.584989] wlp0s20f3: authenticated
[   35.586362] wlp0s20f3: associate with 6c:cd:d6:14:50:45 (try 1/3)
[   35.591194] wlp0s20f3: RX ReassocResp from 6c:cd:d6:14:50:45 (capab=0x1511 status=0 aid=5)
[   35.602192] wlp0s20f3: associated
[   35.693245] wlp0s20f3: Limiting TX power to 27 (30 - 3) dBm as advertised by 6c:cd:d6:14:50:45
[   51.699261] wlp0s20f3: disconnect from AP 6c:cd:d6:14:50:45 for new auth to c8:9e:43:69:26:61
[   51.741059] wlp0s20f3: authenticate with c8:9e:43:69:26:61 (local address=4c:79:6e:8a:0d:3b)
[   51.742223] wlp0s20f3: send auth to c8:9e:43:69:26:61 (try 1/3)
[   51.770108] wlp0s20f3: authenticated
[   51.772291] wlp0s20f3: associate with c8:9e:43:69:26:61 (try 1/3)
[   51.880394] wlp0s20f3: associate with c8:9e:43:69:26:61 (try 2/3)
[   51.941857] wlp0s20f3: RX ReassocResp from c8:9e:43:69:26:61 (capab=0x1511 status=0 aid=3)
[   51.948840] wlp0s20f3: associated
[   52.032737] wlp0s20f3: Limiting TX power to 27 (30 - 3) dBm as advertised by c8:9e:43:69:26:61
[   55.170851] wlp0s20f3: deauthenticated from c8:9e:43:69:26:61 (Reason: 2=PREV_AUTH_NOT_VALID)
[  209.621073] usb 1-8: new full-speed USB device number 13 using xhci_hcd
[  209.733267] usb 1-8: device descriptor read/64, error -71
[  209.951263] usb 1-8: device descriptor read/64, error -71
[  210.166979] usb 1-8: new full-speed USB device number 14 using xhci_hcd
[  210.279126] usb 1-8: device descriptor read/64, error -71
[  210.495027] usb 1-8: device descriptor read/64, error -71
[  210.599350] usb usb1-port8: attempt power cycle
[  210.978200] usb 1-8: new full-speed USB device number 15 using xhci_hcd
[  210.978401] usb 1-8: Device not responding to setup address.
[  211.183287] usb 1-8: Device not responding to setup address.
[  211.391001] usb 1-8: device not accepting address 15, error -71
[  211.391113] usb 1-8: WARN: invalid context state for evaluate context command.
[  211.504325] usb 1-8: new full-speed USB device number 16 using xhci_hcd
[  211.504517] usb 1-8: Device not responding to setup address.
[  211.711307] usb 1-8: Device not responding to setup address.
[  211.919084] usb 1-8: device not accepting address 16, error -71
[  211.919186] usb 1-8: WARN: invalid context state for evaluate context command.
[  211.919283] usb usb1-port8: unable to enumerate USB device
[  214.527487] wlp0s20f3: authenticate with c8:9e:43:69:26:61 (local address=4c:79:6e:8a:0d:3b)
[  214.528562] wlp0s20f3: send auth to c8:9e:43:69:26:61 (try 1/3)
[  214.556167] wlp0s20f3: authenticated
[  214.556982] wlp0s20f3: associate with c8:9e:43:69:26:61 (try 1/3)
[  214.663074] wlp0s20f3: associate with c8:9e:43:69:26:61 (try 2/3)
[  214.717196] wlp0s20f3: RX AssocResp from c8:9e:43:69:26:61 (capab=0x1511 status=0 aid=3)
[  214.724758] wlp0s20f3: associated
[  214.797533] wlp0s20f3: Limiting TX power to 27 (30 - 3) dBm as advertised by c8:9e:43:69:26:61
[  568.948512] wlp0s20f3: disconnect from AP c8:9e:43:69:26:61 for new auth to 6c:cd:d6:14:50:45
[  568.984147] wlp0s20f3: authenticate with 6c:cd:d6:14:50:45 (local address=4c:79:6e:8a:0d:3b)
[  568.985181] wlp0s20f3: send auth to 6c:cd:d6:14:50:45 (try 1/3)
[  569.014998] wlp0s20f3: authenticated
[  569.015857] wlp0s20f3: associate with 6c:cd:d6:14:50:45 (try 1/3)
[  569.019946] wlp0s20f3: RX ReassocResp from 6c:cd:d6:14:50:45 (capab=0x1511 status=0 aid=5)
[  569.031656] wlp0s20f3: associated
[  569.104466] wlp0s20f3: Limiting TX power to 27 (30 - 3) dBm as advertised by 6c:cd:d6:14:50:45
[  665.780120] wlp0s20f3: disconnect from AP 6c:cd:d6:14:50:45 for new auth to c8:9e:43:69:26:61
[  665.821495] wlp0s20f3: authenticate with c8:9e:43:69:26:61 (local address=4c:79:6e:8a:0d:3b)
[  665.822646] wlp0s20f3: send auth to c8:9e:43:69:26:61 (try 1/3)
[  665.862546] wlp0s20f3: authenticated
[  665.863454] wlp0s20f3: associate with c8:9e:43:69:26:61 (try 1/3)
[  665.966680] wlp0s20f3: associate with c8:9e:43:69:26:61 (try 2/3)
[  666.021846] wlp0s20f3: RX ReassocResp from c8:9e:43:69:26:61 (capab=0x1511 status=0 aid=3)
[  666.028170] wlp0s20f3: associated
[  666.032635] wlp0s20f3: Limiting TX power to 27 (30 - 3) dBm as advertised by c8:9e:43:69:26:61
[  669.250550] wlp0s20f3: deauthenticated from c8:9e:43:69:26:61 (Reason: 2=PREV_AUTH_NOT_VALID)
[  887.843553] usb 1-8: new full-speed USB device number 17 using xhci_hcd
[  887.955779] usb 1-8: device descriptor read/64, error -71
[  888.173663] usb 1-8: device descriptor read/64, error -71
[  888.389700] usb 1-8: new full-speed USB device number 18 using xhci_hcd
[  888.501553] usb 1-8: device descriptor read/64, error -71
[  888.717604] usb 1-8: device descriptor read/64, error -71
[  888.821772] usb usb1-port8: attempt power cycle
[  889.200624] usb 1-8: new full-speed USB device number 19 using xhci_hcd
[  889.200818] usb 1-8: Device not responding to setup address.
[  889.405855] usb 1-8: Device not responding to setup address.
[  889.613489] usb 1-8: device not accepting address 19, error -71
[  889.613594] usb 1-8: WARN: invalid context state for evaluate context command.
[  889.725499] usb 1-8: new full-speed USB device number 20 using xhci_hcd
[  889.725693] usb 1-8: Device not responding to setup address.
[  889.933943] usb 1-8: Device not responding to setup address.
[  890.141516] usb 1-8: device not accepting address 20, error -71
[  890.141660] usb 1-8: WARN: invalid context state for evaluate context command.
[  890.141747] usb usb1-port8: unable to enumerate USB device
[  913.597068] wlp0s20f3: authenticate with c8:9e:43:69:26:61 (local address=4c:79:6e:8a:0d:3b)
[  913.598110] wlp0s20f3: send auth to c8:9e:43:69:26:61 (try 1/3)
[  913.627488] wlp0s20f3: authenticated
[  913.628322] wlp0s20f3: associate with c8:9e:43:69:26:61 (try 1/3)
[  913.733348] wlp0s20f3: associate with c8:9e:43:69:26:61 (try 2/3)
[  913.788426] wlp0s20f3: RX AssocResp from c8:9e:43:69:26:61 (capab=0x1511 status=0 aid=3)
[  913.794375] wlp0s20f3: associated
[  913.840402] wlp0s20f3: Limiting TX power to 27 (30 - 3) dBm as advertised by c8:9e:43:69:26:61
[ 1015.971528] usb 1-8: new full-speed USB device number 21 using xhci_hcd
[ 1016.083577] usb 1-8: device descriptor read/64, error -71
[ 1016.300716] usb 1-8: device descriptor read/64, error -71
[ 1016.516581] usb 1-8: new full-speed USB device number 22 using xhci_hcd
[ 1016.628962] usb 1-8: device descriptor read/64, error -71
[ 1016.844639] usb 1-8: device descriptor read/64, error -71
[ 1016.948845] usb usb1-port8: attempt power cycle
[ 1017.327625] usb 1-8: new full-speed USB device number 23 using xhci_hcd
[ 1017.327907] usb 1-8: Device not responding to setup address.
[ 1017.532972] usb 1-8: Device not responding to setup address.
[ 1017.740557] usb 1-8: device not accepting address 23, error -71
[ 1017.740687] usb 1-8: WARN: invalid context state for evaluate context command.
[ 1017.852534] usb 1-8: new full-speed USB device number 24 using xhci_hcd
[ 1017.852761] usb 1-8: Device not responding to setup address.
[ 1018.060783] usb 1-8: Device not responding to setup address.
[ 1018.268540] usb 1-8: device not accepting address 24, error -71
[ 1018.268654] usb 1-8: WARN: invalid context state for evaluate context command.
[ 1018.268763] usb usb1-port8: unable to enumerate USB device
[ 2427.138103] wlp0s20f3: disconnect from AP c8:9e:43:69:26:61 for new auth to 6c:cd:d6:14:50:45
[ 2427.169267] wlp0s20f3: authenticate with 6c:cd:d6:14:50:45 (local address=4c:79:6e:8a:0d:3b)
[ 2427.170417] wlp0s20f3: send auth to 6c:cd:d6:14:50:45 (try 1/3)
[ 2427.199078] wlp0s20f3: authenticated
[ 2427.201257] wlp0s20f3: associate with 6c:cd:d6:14:50:45 (try 1/3)
[ 2427.204634] wlp0s20f3: RX ReassocResp from 6c:cd:d6:14:50:45 (capab=0x1511 status=0 aid=6)
[ 2427.214213] wlp0s20f3: associated
[ 2427.286083] wlp0s20f3: Limiting TX power to 27 (30 - 3) dBm as advertised by 6c:cd:d6:14:50:45
[ 2460.339805] wlp0s20f3: disconnect from AP 6c:cd:d6:14:50:45 for new auth to c8:9e:43:69:26:61
[ 2460.363866] wlp0s20f3: authenticate with c8:9e:43:69:26:61 (local address=4c:79:6e:8a:0d:3b)
[ 2460.365020] wlp0s20f3: send auth to c8:9e:43:69:26:61 (try 1/3)
[ 2460.394076] wlp0s20f3: authenticated
[ 2460.394975] wlp0s20f3: associate with c8:9e:43:69:26:61 (try 1/3)
[ 2460.497268] wlp0s20f3: associate with c8:9e:43:69:26:61 (try 2/3)
[ 2460.565741] wlp0s20f3: RX ReassocResp from c8:9e:43:69:26:61 (capab=0x1511 status=0 aid=4)
[ 2460.572646] wlp0s20f3: associated
[ 2460.610728] wlp0s20f3: Limiting TX power to 27 (30 - 3) dBm as advertised by c8:9e:43:69:26:61
[ 2463.794812] wlp0s20f3: deauthenticated from c8:9e:43:69:26:61 (Reason: 2=PREV_AUTH_NOT_VALID)
[19645.090399] usb 1-8: new full-speed USB device number 25 using xhci_hcd
[19645.202649] usb 1-8: device descriptor read/64, error -71
[19645.421584] usb 1-8: device descriptor read/64, error -71
[19645.636432] usb 1-8: new full-speed USB device number 26 using xhci_hcd
[19645.748588] usb 1-8: device descriptor read/64, error -71
[19645.965585] usb 1-8: device descriptor read/64, error -71
[19646.069649] usb usb1-port8: attempt power cycle
[19646.447442] usb 1-8: new full-speed USB device number 27 using xhci_hcd
[19646.447620] usb 1-8: Device not responding to setup address.
[19646.652656] usb 1-8: Device not responding to setup address.
[19646.860439] usb 1-8: device not accepting address 27, error -71
[19646.860585] usb 1-8: WARN: invalid context state for evaluate context command.
[19646.973368] usb 1-8: new full-speed USB device number 28 using xhci_hcd
[19646.973535] usb 1-8: Device not responding to setup address.
[19647.180679] usb 1-8: Device not responding to setup address.
[19647.388388] usb 1-8: device not accepting address 28, error -71
[19647.388520] usb 1-8: WARN: invalid context state for evaluate context command.
[19647.388644] usb usb1-port8: unable to enumerate USB device
[19654.817051] wlp0s20f3: authenticate with ce:9e:43:69:26:60 (local address=4c:79:6e:8a:0d:3b)
[19654.817984] wlp0s20f3: send auth to ce:9e:43:69:26:60 (try 1/3)
[19654.858727] wlp0s20f3: authenticated
[19654.859337] wlp0s20f3: associate with ce:9e:43:69:26:60 (try 1/3)
[19654.964408] wlp0s20f3: associate with ce:9e:43:69:26:60 (try 2/3)
[19655.011037] wlp0s20f3: RX AssocResp from ce:9e:43:69:26:60 (capab=0x1431 status=0 aid=3)
[19655.024165] wlp0s20f3: associated
[19655.080156] wlp0s20f3: Limiting TX power to 30 (30 - 0) dBm as advertised by ce:9e:43:69:26:60
[19694.938158] wlp0s20f3: disconnect from AP ce:9e:43:69:26:60 for new auth to c8:9e:43:69:26:61
[19694.978840] wlp0s20f3: authenticate with c8:9e:43:69:26:61 (local address=4c:79:6e:8a:0d:3b)
[19694.979977] wlp0s20f3: send auth to c8:9e:43:69:26:61 (try 1/3)
[19695.011676] wlp0s20f3: authenticated
[19695.013068] wlp0s20f3: associate with c8:9e:43:69:26:61 (try 1/3)
[19695.116089] wlp0s20f3: associate with c8:9e:43:69:26:61 (try 2/3)
[19695.220055] wlp0s20f3: associate with c8:9e:43:69:26:61 (try 3/3)
[19695.250241] wlp0s20f3: RX ReassocResp from c8:9e:43:69:26:61 (capab=0x1511 status=0 aid=7)
[19695.255761] wlp0s20f3: associated
[19695.285945] wlp0s20f3: Limiting TX power to 27 (30 - 3) dBm as advertised by c8:9e:43:69:26:61
[19808.833466] wlp0s20f3: disconnect from AP c8:9e:43:69:26:61 for new auth to 6c:cd:d6:14:50:45
[19808.862260] wlp0s20f3: authenticate with 6c:cd:d6:14:50:45 (local address=4c:79:6e:8a:0d:3b)
[19808.863383] wlp0s20f3: send auth to 6c:cd:d6:14:50:45 (try 1/3)
[19808.890755] wlp0s20f3: authenticated
[19808.892220] wlp0s20f3: associate with 6c:cd:d6:14:50:45 (try 1/3)
[19808.895788] wlp0s20f3: RX ReassocResp from 6c:cd:d6:14:50:45 (capab=0x1511 status=0 aid=4)
[19808.905730] wlp0s20f3: associated
[19808.956625] wlp0s20f3: Limiting TX power to 27 (30 - 3) dBm as advertised by 6c:cd:d6:14:50:45
[19819.319106] usb 1-8: new full-speed USB device number 29 using xhci_hcd
[19819.432255] usb 1-8: device descriptor read/64, error -71
[19819.651328] usb 1-8: device descriptor read/64, error -71
[19819.869749] usb 1-8: new full-speed USB device number 30 using xhci_hcd
[19819.982230] usb 1-8: device descriptor read/64, error -71
[19820.195195] usb 1-8: device descriptor read/64, error -71
[19820.299302] usb usb1-port8: attempt power cycle
[19820.678177] usb 1-8: new full-speed USB device number 31 using xhci_hcd
[19820.678332] usb 1-8: Device not responding to setup address.
[19820.883224] usb 1-8: Device not responding to setup address.
[19821.091112] usb 1-8: device not accepting address 31, error -71
[19821.091238] usb 1-8: WARN: invalid context state for evaluate context command.
[19821.204160] usb 1-8: new full-speed USB device number 32 using xhci_hcd
[19821.204341] usb 1-8: Device not responding to setup address.
[19821.412323] usb 1-8: Device not responding to setup address.
[19821.621102] usb 1-8: device not accepting address 32, error -71
[19821.621212] usb 1-8: WARN: invalid context state for evaluate context command.
[19821.621311] usb usb1-port8: unable to enumerate USB device
[19836.623327] wlp0s20f3: disconnect from AP 6c:cd:d6:14:50:45 for new auth to c8:9e:43:69:26:61
[19836.655061] wlp0s20f3: authenticate with c8:9e:43:69:26:61 (local address=4c:79:6e:8a:0d:3b)
